Component: Arm Compiler for Embedded 6.19 Tool: armlink [5e73cb00]

==============================================================================

Section Cross References

    startup_stm32l432xx.o(STACK) refers (Special) to heapauxi.o(.text) for __use_two_region_memory
    startup_stm32l432xx.o(HEAP) refers (Special) to heapauxi.o(.text) for __use_two_region_memory
    startup_stm32l432xx.o(RESET) refers (Special) to heapauxi.o(.text) for __use_two_region_memory
    startup_stm32l432xx.o(RESET) refers to startup_stm32l432xx.o(STACK) for __initial_sp
    startup_stm32l432xx.o(RESET) refers to startup_stm32l432xx.o(.text) for Reset_Handler
    startup_stm32l432xx.o(RESET) refers to stm32l4xx_it.o(.text.NMI_Handler) for NMI_Handler
    startup_stm32l432xx.o(RESET) refers to stm32l4xx_it.o(.text.HardFault_Handler) for HardFault_Handler
    startup_stm32l432xx.o(RESET) refers to stm32l4xx_it.o(.text.MemManage_Handler) for MemManage_Handler
    startup_stm32l432xx.o(RESET) refers to stm32l4xx_it.o(.text.BusFault_Handler) for BusFault_Handler
    startup_stm32l432xx.o(RESET) refers to stm32l4xx_it.o(.text.UsageFault_Handler) for UsageFault_Handler
    startup_stm32l432xx.o(RESET) refers to stm32l4xx_it.o(.text.SVC_Handler) for SVC_Handler
    startup_stm32l432xx.o(RESET) refers to stm32l4xx_it.o(.text.DebugMon_Handler) for DebugMon_Handler
    startup_stm32l432xx.o(RESET) refers to stm32l4xx_it.o(.text.PendSV_Handler) for PendSV_Handler
    startup_stm32l432xx.o(RESET) refers to stm32l4xx_it.o(.text.SysTick_Handler) for SysTick_Handler
    startup_stm32l432xx.o(RESET) refers to stm32l4xx_it.o(.text.USB_IRQHandler) for USB_IRQHandler
    startup_stm32l432xx.o(.text) refers (Special) to heapauxi.o(.text) for __use_two_region_memory
    startup_stm32l432xx.o(.text) refers to system_stm32l4xx.o(.text.SystemInit) for SystemInit
    startup_stm32l432xx.o(.text) refers to __main.o(!!!main) for __main
    startup_stm32l432xx.o(.text) refers to startup_stm32l432xx.o(HEAP) for Heap_Mem
    startup_stm32l432xx.o(.text) refers to startup_stm32l432xx.o(STACK) for Stack_Mem
    main.o(.text.mpu6500_delay_ms) refers to stm32l4xx_hal.o(.text.HAL_Delay) for HAL_Delay
    main.o(.ARM.exidx.text.mpu6500_delay_ms) refers to main.o(.text.mpu6500_delay_ms) for [Anonymous Symbol]
    main.o(.ARM.exidx.text.hal_spi_init) refers to main.o(.text.hal_spi_init) for [Anonymous Symbol]
    main.o(.text.hal_spi_read) refers to stm32l4xx_hal_gpio.o(.text.HAL_GPIO_WritePin) for HAL_GPIO_WritePin
    main.o(.text.hal_spi_read) refers to spi.o(.bss.hspi1) for hspi1
    main.o(.text.hal_spi_read) refers to stm32l4xx_hal_spi.o(.text.HAL_SPI_Transmit) for HAL_SPI_Transmit
    main.o(.text.hal_spi_read) refers to stm32l4xx_hal_spi.o(.text.HAL_SPI_Receive) for HAL_SPI_Receive
    main.o(.ARM.exidx.text.hal_spi_read) refers to main.o(.text.hal_spi_read) for [Anonymous Symbol]
    main.o(.text.hal_spi_write) refers to stm32l4xx_hal_gpio.o(.text.HAL_GPIO_WritePin) for HAL_GPIO_WritePin
    main.o(.text.hal_spi_write) refers to spi.o(.bss.hspi1) for hspi1
    main.o(.text.hal_spi_write) refers to stm32l4xx_hal_spi.o(.text.HAL_SPI_Transmit) for HAL_SPI_Transmit
    main.o(.ARM.exidx.text.hal_spi_write) refers to main.o(.text.hal_spi_write) for [Anonymous Symbol]
    main.o(.ARM.exidx.text.mget_ms) refers to main.o(.text.mget_ms) for [Anonymous Symbol]
    main.o(.text.delay_ms) refers to stm32l4xx_hal.o(.text.HAL_Delay) for HAL_Delay
    main.o(.ARM.exidx.text.delay_ms) refers to main.o(.text.delay_ms) for [Anonymous Symbol]
    main.o(.text.i2c_write) refers to stm32l4xx_hal_gpio.o(.text.HAL_GPIO_WritePin) for HAL_GPIO_WritePin
    main.o(.text.i2c_write) refers to spi.o(.bss.hspi1) for hspi1
    main.o(.text.i2c_write) refers to stm32l4xx_hal_spi.o(.text.HAL_SPI_Transmit) for HAL_SPI_Transmit
    main.o(.ARM.exidx.text.i2c_write) refers to main.o(.text.i2c_write) for [Anonymous Symbol]
    main.o(.text.i2c_read) refers to stm32l4xx_hal_gpio.o(.text.HAL_GPIO_WritePin) for HAL_GPIO_WritePin
    main.o(.text.i2c_read) refers to spi.o(.bss.hspi1) for hspi1
    main.o(.text.i2c_read) refers to stm32l4xx_hal_spi.o(.text.HAL_SPI_Transmit) for HAL_SPI_Transmit
    main.o(.text.i2c_read) refers to stm32l4xx_hal_spi.o(.text.HAL_SPI_Receive) for HAL_SPI_Receive
    main.o(.ARM.exidx.text.i2c_read) refers to main.o(.text.i2c_read) for [Anonymous Symbol]
    main.o(.text.usb_printf) refers to vsnprintf.o(.text) for vsnprintf
    main.o(.text.usb_printf) refers to usbd_cdc_if.o(.text.CDC_Transmit_FS) for CDC_Transmit_FS
    main.o(.ARM.exidx.text.usb_printf) refers to main.o(.text.usb_printf) for [Anonymous Symbol]
    main.o(.text.io_send) refers to stm32l4xx_hal_gpio.o(.text.HAL_GPIO_WritePin) for HAL_GPIO_WritePin
    main.o(.ARM.exidx.text.io_send) refers to main.o(.text.io_send) for [Anonymous Symbol]
    main.o(.text.io_init) refers to stm32l4xx_hal_gpio.o(.text.HAL_GPIO_WritePin) for HAL_GPIO_WritePin
[...]
    _printf_l                                0x080002ab   Thumb Code     0  _printf_l.o(.ARM.Collect$$_printf_percent$$00000012)
    _printf_c                                0x080002b5   Thumb Code     0  _printf_c.o(.ARM.Collect$$_printf_percent$$00000013)
    _printf_s                                0x080002bb   Thumb Code     0  _printf_s.o(.ARM.Collect$$_printf_percent$$00000014)
    _printf_lc                               0x080002c1   Thumb Code     0  _printf_lc.o(.ARM.Collect$$_printf_percent$$00000015)
    _printf_ls                               0x080002c7   Thumb Code     0  _printf_ls.o(.ARM.Collect$$_printf_percent$$00000016)
    _printf_percent_end                      0x080002cd   Thumb Code     0  _printf_percent_end.o(.ARM.Collect$$_printf_percent$$00000017)
    __rt_lib_init                            0x080002d1   Thumb Code     0  libinit.o(.ARM.Collect$$libinit$$00000000)
    __rt_lib_init_fp_1                       0x080002d3   Thumb Code     0  libinit2.o(.ARM.Collect$$libinit$$00000001)
    __rt_lib_init_heap_1                     0x080002d7   Thumb Code     0  libinit2.o(.ARM.Collect$$libinit$$0000000C)
    __rt_lib_init_lc_common                  0x080002d7   Thumb Code     0  libinit2.o(.ARM.Collect$$libinit$$00000011)
    __rt_lib_init_preinit_1                  0x080002d7   Thumb Code     0  libinit2.o(.ARM.Collect$$libinit$$00000006)
    __rt_lib_init_rand_1                     0x080002d7   Thumb Code     0  libinit2.o(.ARM.Collect$$libinit$$00000010)
    __rt_lib_init_relocate_pie_1             0x080002d7   Thumb Code     0  libinit2.o(.ARM.Collect$$libinit$$00000004)
    __rt_lib_init_user_alloc_1               0x080002d7   Thumb Code     0  libinit2.o(.ARM.Collect$$libinit$$0000000E)
    __rt_lib_init_lc_collate_1               0x080002dd   Thumb Code     0  libinit2.o(.ARM.Collect$$libinit$$00000013)
    __rt_lib_init_lc_ctype_2                 0x080002dd   Thumb Code     0  libinit2.o(.ARM.Collect$$libinit$$00000014)
    __rt_lib_init_lc_ctype_1                 0x080002e9   Thumb Code     0  libinit2.o(.ARM.Collect$$libinit$$00000015)
    __rt_lib_init_lc_monetary_1              0x080002e9   Thumb Code     0  libinit2.o(.ARM.Collect$$libinit$$00000017)
    __rt_lib_init_lc_numeric_2               0x080002e9   Thumb Code     0  libinit2.o(.ARM.Collect$$libinit$$00000018)
    __rt_lib_init_alloca_1                   0x080002f3   Thumb Code     0  libinit2.o(.ARM.Collect$$libinit$$00000030)
    __rt_lib_init_argv_1                     0x080002f3   Thumb Code     0  libinit2.o(.ARM.Collect$$libinit$$0000002E)
    __rt_lib_init_atexit_1                   0x080002f3   Thumb Code     0  libinit2.o(.ARM.Collect$$libinit$$0000001D)
    __rt_lib_init_clock_1                    0x080002f3   Thumb Code     0  libinit2.o(.ARM.Collect$$libinit$$00000023)
    __rt_lib_init_cpp_1                      0x080002f3   Thumb Code     0  libinit2.o(.ARM.Collect$$libinit$$00000034)
    __rt_lib_init_exceptions_1               0x080002f3   Thumb Code     0  libinit2.o(.ARM.Collect$$libinit$$00000032)
    __rt_lib_init_fp_trap_1                  0x080002f3   Thumb Code     0  libinit2.o(.ARM.Collect$$libinit$$00000021)
    __rt_lib_init_getenv_1                   0x080002f3   Thumb Code     0  libinit2.o(.ARM.Collect$$libinit$$00000025)
    __rt_lib_init_lc_numeric_1               0x080002f3   Thumb Code     0  libinit2.o(.ARM.Collect$$libinit$$00000019)
    __rt_lib_init_lc_time_1                  0x080002f3   Thumb Code     0  libinit2.o(.ARM.Collect$$libinit$$0000001B)
    __rt_lib_init_return                     0x080002f3   Thumb Code     0  libinit2.o(.ARM.Collect$$libinit$$00000035)
    __rt_lib_init_signal_1                   0x080002f3   Thumb Code     0  libinit2.o(.ARM.Collect$$libinit$$0000001F)
    __rt_lib_init_stdio_1                    0x080002f3   Thumb Code     0  libinit2.o(.ARM.Collect$$libinit$$00000027)
    __rt_lib_shutdown                        0x080002f5   Thumb Code     0  libshutdown.o(.ARM.Collect$$libshutdown$$00000000)
    __rt_lib_shutdown_cpp_1                  0x080002f7   Thumb Code     0  libshutdown2.o(.ARM.Collect$$libshutdown$$00000002)
    __rt_lib_shutdown_fp_trap_1              0x080002f7   Thumb Code     0  libshutdown2.o(.ARM.Collect$$libshutdown$$00000007)
    __rt_lib_shutdown_heap_1                 0x080002f7   Thumb Code     0  libshutdown2.o(.ARM.Collect$$libshutdown$$0000000F)
    __rt_lib_shutdown_return                 0x080002f7   Thumb Code     0  libshutdown2.o(.ARM.Collect$$libshutdown$$00000010)
    __rt_lib_shutdown_signal_1               0x080002f7   Thumb Code     0  libshutdown2.o(.ARM.Collect$$libshutdown$$0000000A)
    __rt_lib_shutdown_stdio_1                0x080002f7   Thumb Code     0  libshutdown2.o(.ARM.Collect$$libshutdown$$00000004)
    __rt_lib_shutdown_user_alloc_1           0x080002f7   Thumb Code     0  libshutdown2.o(.ARM.Collect$$libshutdown$$0000000C)
    __rt_entry                               0x080002f9   Thumb Code     0  __rtentry.o(.ARM.Collect$$rtentry$$00000000)
    __rt_entry_presh_1                       0x080002f9   Thumb Code     0  __rtentry2.o(.ARM.Collect$$rtentry$$00000002)
    __rt_entry_sh                            0x080002f9   Thumb Code     0  __rtentry4.o(.ARM.Collect$$rtentry$$00000004)
    __rt_entry_li                            0x080002ff   Thumb Code     0  __rtentry2.o(.ARM.Collect$$rtentry$$0000000A)
    __rt_entry_postsh_1                      0x080002ff   Thumb Code     0  __rtentry2.o(.ARM.Collect$$rtentry$$00000009)
    __rt_entry_main                          0x08000303   Thumb Code     0  __rtentry2.o(.ARM.Collect$$rtentry$$0000000D)
    __rt_entry_postli_1                      0x08000303   Thumb Code     0  __rtentry2.o(.ARM.Collect$$rtentry$$0000000C)
    __rt_exit                                0x0800030b   Thumb Code     0  rtexit.o(.ARM.Collect$$rtexit$$00000000)
    __rt_exit_ls                             0x0800030d   Thumb Code     0  rtexit2.o(.ARM.Collect$$rtexit$$00000003)
    __rt_exit_prels_1                        0x0800030d   Thumb Code     0  rtexit2.o(.ARM.Collect$$rtexit$$00000002)
    __rt_exit_exit                           0x08000311   Thumb Code     0  rtexit2.o(.ARM.Collect$$rtexit$$00000004)
    Reset_Handler                            0x08000319   Thumb Code     8  startup_stm32l432xx.o(.text)
    ADC1_IRQHandler                          0x08000333   Thumb Code     0  startup_stm32l432xx.o(.text)
    CAN1_RX0_IRQHandler                      0x08000333   Thumb Code     0  startup_stm32l432xx.o(.text)
    CAN1_RX1_IRQHandler                      0x08000333   Thumb Code     0  startup_stm32l432xx.o(.text)
    CAN1_SCE_IRQHandler                      0x08000333   Thumb Code     0  startup_stm32l432xx.o(.text)
    CAN1_TX_IRQHandler                       0x08000333   Thumb Code     0  startup_stm32l432xx.o(.text)
    COMP_IRQHandler                          0x08000333   Thumb Code     0  startup_stm32l432xx.o(.text)
    CRS_IRQHandler                           0x08000333   Thumb Code     0  startup_stm32l432xx.o(.text)
    DMA1_Channel1_IRQHandler                 0x08000333   Thumb Code     0  startup_stm32l432xx.o(.text)
    DMA1_Channel2_IRQHandler                 0x08000333   Thumb Code     0  startup_stm32l432xx.o(.text)
    DMA1_Channel3_IRQHandler                 0x08000333   Thumb Code     0  startup_stm32l432xx.o(.text)
    DMA1_Channel4_IRQHandler                 0x08000333   Thumb Code     0  startup_stm32l432xx.o(.text)
    DMA1_Channel5_IRQHandler                 0x08000333   Thumb Code     0  startup_stm32l432xx.o(.text)
    DMA1_Channel6_IRQHandler                 0x08000333   Thumb Code     0  startup_stm32l432xx.o(.text)
    DMA1_Channel7_IRQHandler                 0x08000333   Thumb Code     0  startup_stm32l432xx.o(.text)
    DMA2_Channel1_IRQHandler                 0x08000333   Thumb Code     0  startup_stm32l432xx.o(.text)
    DMA2_Channel2_IRQHandler                 0x08000333   Thumb Code     0  startup_stm32l432xx.o(.text)
    DMA2_Channel3_IRQHandler                 0x08000333   Thumb Code     0  startup_stm32l432xx.o(.text)
    DMA2_Channel4_IRQHandler                 0x08000333   Thumb Code     0  startup_stm32l432xx.o(.text)
    DMA2_Channel5_IRQHandler                 0x08000333   Thumb Code     0  startup_stm32l432xx.o(.text)
    DMA2_Channel6_IRQHandler                 0x08000333   Thumb Code     0  startup_stm32l432xx.o(.text)
    DMA2_Channel7_IRQHandler                 0x08000333   Thumb Code     0  startup_stm32l432xx.o(.text)
    EXTI0_IRQHandler                         0x08000333   Thumb Code     0  startup_stm32l432xx.o(.text)
    EXTI15_10_IRQHandler                     0x08000333   Thumb Code     0  startup_stm32l432xx.o(.text)
    EXTI1_IRQHandler                         0x08000333   Thumb Code     0  startup_stm32l432xx.o(.text)
    EXTI2_IRQHandler                         0x08000333   Thumb Code     0  startup_stm32l432xx.o(.text)
    EXTI3_IRQHandler                         0x08000333   Thumb Code     0  startup_stm32l432xx.o(.text)
    EXTI4_IRQHandler                         0x08000333   Thumb Code     0  startup_stm32l432xx.o(.text)
    EXTI9_5_IRQHandler                       0x08000333   Thumb Code     0  startup_stm32l432xx.o(.text)
    FLASH_IRQHandler                         0x08000333   Thumb Code     0  startup_stm32l432xx.o(.text)
    FPU_IRQHandler                           0x08000333   Thumb Code     0  startup_stm32l432xx.o(.text)
    I2C1_ER_IRQHandler                       0x08000333   Thumb Code     0  startup_stm32l432xx.o(.text)
    I2C1_EV_IRQHandler                       0x08000333   Thumb Code     0  startup_stm32l432xx.o(.text)
    I2C3_ER_IRQHandler                       0x08000333   Thumb Code     0  startup_stm32l432xx.o(.text)
    I2C3_EV_IRQHandler                       0x08000333   Thumb Code     0  startup_stm32l432xx.o(.text)
    LPTIM1_IRQHandler                        0x08000333   Thumb Code     0  startup_stm32l432xx.o(.text)
    LPTIM2_IRQHandler                        0x08000333   Thumb Code     0  startup_stm32l432xx.o(.text)
    LPUART1_IRQHandler                       0x08000333   Thumb Code     0  startup_stm32l432xx.o(.text)
    PVD_PVM_IRQHandler                       0x08000333   Thumb Code     0  startup_stm32l432xx.o(.text)
    QUADSPI_IRQHandler                       0x08000333   Thumb Code     0  startup_stm32l432xx.o(.text)
    RCC_IRQHandler                           0x08000333   Thumb Code     0  startup_stm32l432xx.o(.text)
    RNG_IRQHandler                           0x08000333   Thumb Code     0  startup_stm32l432xx.o(.text)
    RTC_Alarm_IRQHandler                     0x08000333   Thumb Code     0  startup_stm32l432xx.o(.text)
    RTC_WKUP_IRQHandler                      0x08000333   Thumb Code     0  startup_stm32l432xx.o(.text)
    SAI1_IRQHandler                          0x08000333   Thumb Code     0  startup_stm32l432xx.o(.text)
    SPI1_IRQHandler                          0x08000333   Thumb Code     0  startup_stm32l432xx.o(.text)
    SPI3_IRQHandler                          0x08000333   Thumb Code     0  startup_stm32l432xx.o(.text)
    SWPMI1_IRQHandler                        0x08000333   Thumb Code     0  startup_stm32l432xx.o(.text)
    TAMP_STAMP_IRQHandler                    0x08000333   Thumb Code     0  startup_stm32l432xx.o(.text)
    TIM1_BRK_TIM15_IRQHandler                0x08000333   Thumb Code     0  startup_stm32l432xx.o(.text)
    TIM1_CC_IRQHandler                       0x08000333   Thumb Code     0  startup_stm32l432xx.o(.text)
    TIM1_TRG_COM_IRQHandler                  0x08000333   Thumb Code     0  startup_stm32l432xx.o(.text)
    TIM1_UP_TIM16_IRQHandler                 0x08000333   Thumb Code     0  startup_stm32l432xx.o(.text)
    TIM2_IRQHandler                          0x08000333   Thumb Code     0  startup_stm32l432xx.o(.text)
    TIM6_DAC_IRQHandler                      0x08000333   Thumb Code     0  startup_stm32l432xx.o(.text)
    TIM7_IRQHandler                          0x08000333   Thumb Code     0  startup_stm32l432xx.o(.text)
    TSC_IRQHandler                           0x08000333   Thumb Code     0  startup_stm32l432xx.o(.text)
    USART1_IRQHandler                        0x08000333   Thumb Code     0  startup_stm32l432xx.o(.text)
    USART2_IRQHandler                        0x08000333   Thumb Code     0  startup_stm32l432xx.o(.text)
    WWDG_IRQHandler                          0x08000333   Thumb Code     0  startup_stm32l432xx.o(.text)
    __user_initial_stackheap                 0x08000335   Thumb Code     0  startup_stm32l432xx.o(.text)
    vsnprintf                                0x08000359   Thumb Code    56  vsnprintf.o(.text)
    __aeabi_memclr4                          0x08000395   Thumb Code     0  rt_memclr_w.o(.text)
    __aeabi_memclr8                          0x08000395   Thumb Code     0  rt_memclr_w.o(.text)
    __rt_memclr_w                            0x08000395   Thumb Code     0  rt_memclr_w.o(.text)
    _memset_w                                0x08000399   Thumb Code    74  rt_memclr_w.o(.text)
    __use_two_region_memory                  0x080003e3   Thumb Code     2  heapauxi.o(.text)
    __rt_heap_escrow$2region                 0x080003e5   Thumb Code     2  heapauxi.o(.text)
    __rt_heap_expand$2region                 0x080003e7   Thumb Code     2  heapauxi.o(.text)
    _printf_pre_padding                      0x080003e9   Thumb Code    44  _printf_pad.o(.text)
    _printf_post_padding                     0x08000415   Thumb Code    34  _printf_pad.o(.text)
    _printf_truncate_signed                  0x08000437   Thumb Code    18  _printf_truncate.o(.text)
    _printf_truncate_unsigned                0x08000449   Thumb Code    18  _printf_truncate.o(.text)
    _printf_str                              0x0800045b   Thumb Code    82  _printf_str.o(.text)
    _printf_int_dec                          0x080004ad   Thumb Code   104  _printf_dec.o(.text)
    _printf_charcount                        0x08000525   Thumb Code    40  _printf_charcount.o(.text)
    _printf_char_common                      0x08000557   Thumb Code    32  _printf_char_common.o(.text)
    _snputc                                  0x0800057d   Thumb Code    16  _snputc.o(.text)
    _printf_wctomb                           0x0800058d   Thumb Code   182  _printf_wctomb.o(.text)
    _printf_longlong_dec                     0x08000651   Thumb Code   108  _printf_longlong_dec.o(.text)
    _printf_longlong_oct                     0x080006cd   Thumb Code    68  _printf_oct_int_ll.o(.text)
    _printf_int_oct                          0x08000711   Thumb Code    24  _printf_oct_int_ll.o(.text)
    _printf_ll_oct                           0x08000729   Thumb Code    12  _printf_oct_int_ll.o(.text)
    _printf_longlong_hex                     0x0800073d   Thumb Code    86  _printf_hex_int_ll_ptr.o(.text)
    _printf_int_hex                          0x08000793   Thumb Code    28  _printf_hex_int_ll_ptr.o(.text)
    _printf_ll_hex                           0x080007af   Thumb Code    12  _printf_hex_int_ll_ptr.o(.text)
    _printf_hex_ptr                          0x080007bb   Thumb Code    18  _printf_hex_int_ll_ptr.o(.text)
    __printf                                 0x080007d1   Thumb Code   388  __printf_flags_ss_wp.o(.text)
    _ll_udiv10                               0x0800095f   Thumb Code   138  lludiv10.o(.text)
    _printf_int_common                       0x080009e9   Thumb Code   178  _printf_intcommon.o(.text)
    _printf_fp_dec_real                      0x08000c4b   Thumb Code   620  _printf_fp_dec.o(.text)
    _printf_fp_hex_real                      0x08000ebd   Thumb Code   756  _printf_fp_hex.o(.text)
    _printf_cs_common                        0x080011bf   Thumb Code    20  _printf_char.o(.text)
    _printf_char                             0x080011d3   Thumb Code    16  _printf_char.o(.text)
    _printf_string                           0x080011e3   Thumb Code     8  _printf_char.o(.text)
    _printf_lcs_common                       0x080011eb   Thumb Code    20  _printf_wchar.o(.text)
    _printf_wchar                            0x080011ff   Thumb Code    16  _printf_wchar.o(.text)
    _printf_wstring                          0x0800120f   Thumb Code     8  _printf_wchar.o(.text)
    _c16rtomb                                0x08001217   Thumb Code    72  _c16rtomb.o(.text)
    _wcrtomb                                 0x08001217   Thumb Code     0  _c16rtomb.o(.text)
    __user_setup_stackheap                   0x0800125f   Thumb Code    74  sys_stackheap_outer.o(.text)
    __rt_ctype_table                         0x080012a9   Thumb Code    16  rt_ctype_table.o(.text)
    __rt_locale                              0x080012b9   Thumb Code     8  rt_locale_intlibspace.o(.text)
    _printf_fp_infnan                        0x080012c1   Thumb Code   112  _printf_fp_infnan.o(.text)
    _btod_etento                             0x08001341   Thumb Code   224  bigflt0.o(.text)
    exit                                     0x08001425   Thumb Code    18  exit.o(.text)
    __user_libspace                          0x08001439   Thumb Code     8  libspace.o(.text)
    __user_perproc_libspace                  0x08001439   Thumb Code     0  libspace.o(.text)
    __user_perthread_libspace                0x08001439   Thumb Code     0  libspace.o(.text)
    strcmp                                   0x08001441   Thumb Code   124  strcmpv7em.o(.text)
    _sys_exit                                0x080014bd   Thumb Code     8  sys_exit.o(.text)
    __I$use$semihosting                      0x080014c9   Thumb Code     0  use_no_semi.o(.text)
    __use_no_semihosting_swi                 0x080014c9   Thumb Code     2  use_no_semi.o(.text)
    __semihosting_library_function           0x080014cb   Thumb Code     0  indicate_semi.o(.text)
    BusFault_Handler                         0x080014cd   Thumb Code     2  stm32l4xx_it.o(.text.BusFault_Handler)
    CDC_Transmit_FS                          0x08001525   Thumb Code    54  usbd_cdc_if.o(.text.CDC_Transmit_FS)
    DebugMon_Handler                         0x0800155d   Thumb Code     2  stm32l4xx_it.o(.text.DebugMon_Handler)
    Error_Handler                            0x08001561   Thumb Code    10  main.o(.text.Error_Handler)
    HAL_Delay                                0x0800156d   Thumb Code    40  stm32l4xx_hal.o(.text.HAL_Delay)
    HAL_GPIO_Init                            0x08001595   Thumb Code   430  stm32l4xx_hal_gpio.o(.text.HAL_GPIO_Init)
    HAL_GPIO_WritePin                        0x08001749   Thumb Code    12  stm32l4xx_hal_gpio.o(.text.HAL_GPIO_WritePin)
    HAL_GetTick                              0x08001755   Thumb Code    12  stm32l4xx_hal.o(.text.HAL_GetTick)
    HAL_IncTick                              0x08001761   Thumb Code    26  stm32l4xx_hal.o(.text.HAL_IncTick)
    HAL_Init                                 0x0800177d   Thumb Code    30  stm32l4xx_hal.o(.text.HAL_Init)
    HAL_InitTick                             0x0800179d   Thumb Code    76  stm32l4xx_hal.o(.text.HAL_InitTick)
    HAL_MspInit                              0x080017e9   Thumb Code    50  stm32l4xx_hal_msp.o(.text.HAL_MspInit)
    HAL_NVIC_EnableIRQ                       0x0800181d   Thumb Code    38  stm32l4xx_hal_cortex.o(.text.HAL_NVIC_EnableIRQ)
    HAL_NVIC_SetPriority                     0x08001845   Thumb Code    86  stm32l4xx_hal_cortex.o(.text.HAL_NVIC_SetPriority)
    HAL_NVIC_SetPriorityGrouping             0x0800189d   Thumb Code    32  stm32l4xx_hal_cortex.o(.text.HAL_NVIC_SetPriorityGrouping)
    HAL_PCDEx_ActivateLPM                    0x080018bd   Thumb Code    42  stm32l4xx_hal_pcd_ex.o(.text.HAL_PCDEx_ActivateLPM)
    HAL_PCDEx_LPM_Callback                   0x080018e9   Thumb Code    82  usbd_conf.o(.text.HAL_PCDEx_LPM_Callback)
    HAL_PCDEx_PMAConfig                      0x0800193d   Thumb Code    58  stm32l4xx_hal_pcd_ex.o(.text.HAL_PCDEx_PMAConfig)
    HAL_PCD_DataInStageCallback              0x08001979   Thumb Code    20  usbd_conf.o(.text.HAL_PCD_DataInStageCallback)
    HAL_PCD_DataOutStageCallback             0x0800198d   Thumb Code    22  usbd_conf.o(.text.HAL_PCD_DataOutStageCallback)
    HAL_PCD_EP_Close                         0x080019a5   Thumb Code    80  stm32l4xx_hal_pcd.o(.text.HAL_PCD_EP_Close)
    HAL_PCD_EP_ClrStall                      0x080019f5   Thumb Code   100  stm32l4xx_hal_pcd.o(.text.HAL_PCD_EP_ClrStall)
    HAL_PCD_EP_GetRxCount                    0x08001a59   Thumb Code    18  stm32l4xx_hal_pcd.o(.text.HAL_PCD_EP_GetRxCount)
    HAL_PCD_EP_Open                          0x08001a6d   Thumb Code   104  stm32l4xx_hal_pcd.o(.text.HAL_PCD_EP_Open)
    HAL_PCD_EP_Receive                       0x08001ad5   Thumb Code    50  stm32l4xx_hal_pcd.o(.text.HAL_PCD_EP_Receive)
    HAL_PCD_EP_SetStall                      0x08001b09   Thumb Code   122  stm32l4xx_hal_pcd.o(.text.HAL_PCD_EP_SetStall)
    HAL_PCD_EP_Transmit                      0x08001b85   Thumb Code    54  stm32l4xx_hal_pcd.o(.text.HAL_PCD_EP_Transmit)
    HAL_PCD_IRQHandler                       0x08001bbd   Thumb Code  2418  stm32l4xx_hal_pcd.o(.text.HAL_PCD_IRQHandler)
    HAL_PCD_Init                             0x08002555   Thumb Code   270  stm32l4xx_hal_pcd.o(.text.HAL_PCD_Init)
    HAL_PCD_MspInit                          0x08002665   Thumb Code   136  usbd_conf.o(.text.HAL_PCD_MspInit)
    HAL_PCD_ResetCallback                    0x080026ed   Thumb Code    36  usbd_conf.o(.text.HAL_PCD_ResetCallback)
    HAL_PCD_ResumeCallback                   0x08002711   Thumb Code    40  usbd_conf.o(.text.HAL_PCD_ResumeCallback)
    HAL_PCD_SOFCallback                      0x08002739   Thumb Code     8  usbd_conf.o(.text.HAL_PCD_SOFCallback)
    HAL_PCD_SetAddress                       0x08002741   Thumb Code    40  stm32l4xx_hal_pcd.o(.text.HAL_PCD_SetAddress)
    HAL_PCD_SetupStageCallback               0x08002769   Thumb Code    14  usbd_conf.o(.text.HAL_PCD_SetupStageCallback)
    HAL_PCD_Start                            0x08002779   Thumb Code    42  stm32l4xx_hal_pcd.o(.text.HAL_PCD_Start)
    HAL_PCD_SuspendCallback                  0x080027a5   Thumb Code    38  usbd_conf.o(.text.HAL_PCD_SuspendCallback)
    HAL_PWREx_ControlVoltageScaling          0x080027cd   Thumb Code   140  stm32l4xx_hal_pwr_ex.o(.text.HAL_PWREx_ControlVoltageScaling)
    HAL_PWREx_EnableVddUSB                   0x08002859   Thumb Code    18  stm32l4xx_hal_pwr_ex.o(.text.HAL_PWREx_EnableVddUSB)
    HAL_PWREx_GetVoltageRange                0x0800286d   Thumb Code    16  stm32l4xx_hal_pwr_ex.o(.text.HAL_PWREx_GetVoltageRange)
    HAL_RCCEx_PeriphCLKConfig                0x0800287d   Thumb Code   644  stm32l4xx_hal_rcc_ex.o(.text.HAL_RCCEx_PeriphCLKConfig)
    HAL_RCC_ClockConfig                      0x08002b01   Thumb Code   634  stm32l4xx_hal_rcc.o(.text.HAL_RCC_ClockConfig)
    HAL_RCC_OscConfig                        0x08002d7d   Thumb Code  2000  stm32l4xx_hal_rcc.o(.text.HAL_RCC_OscConfig)
    HAL_SPI_Init                             0x0800354d   Thumb Code   220  stm32l4xx_hal_spi.o(.text.HAL_SPI_Init)
    HAL_SPI_MspInit                          0x08003629   Thumb Code   102  spi.o(.text.HAL_SPI_MspInit)
    HAL_SPI_Receive                          0x08003691   Thumb Code   572  stm32l4xx_hal_spi.o(.text.HAL_SPI_Receive)
    HAL_SPI_Transmit                         0x080038cd   Thumb Code   580  stm32l4xx_hal_spi.o(.text.HAL_SPI_Transmit)
    HAL_SPI_TransmitReceive                  0x08003b11   Thumb Code   740  stm32l4xx_hal_spi.o(.text.HAL_SPI_TransmitReceive)
    HAL_SYSTICK_Config                       0x08003df5   Thumb Code    44  stm32l4xx_hal_cortex.o(.text.HAL_SYSTICK_Config)
    HardFault_Handler                        0x08003e21   Thumb Code     2  stm32l4xx_it.o(.text.HardFault_Handler)
    MPU6500_Init                             0x08003e25   Thumb Code    98  mpu6500.o(.text.MPU6500_Init)
    MPU6500_get_buffer                       0x08003e89   Thumb Code   332  mpu6500.o(.text.MPU6500_get_buffer)
    MX_GPIO_Init                             0x08003fd5   Thumb Code   154  gpio.o(.text.MX_GPIO_Init)
    MX_SPI1_Init                             0x08004071   Thumb Code    82  spi.o(.text.MX_SPI1_Init)
    MX_USB_DEVICE_Init                       0x080040c5   Thumb Code   114  usb_device.o(.text.MX_USB_DEVICE_Init)
    MemManage_Handler                        0x08004139   Thumb Code     2  stm32l4xx_it.o(.text.MemManage_Handler)
    NMI_Handler                              0x0800413d   Thumb Code     2  stm32l4xx_it.o(.text.NMI_Handler)
    PendSV_Handler                           0x08004141   Thumb Code     2  stm32l4xx_it.o(.text.PendSV_Handler)
    SVC_Handler                              0x08004509   Thumb Code     2  stm32l4xx_it.o(.text.SVC_Handler)
    SysTick_Handler                          0x0800450d   Thumb Code     4  stm32l4xx_it.o(.text.SysTick_Handler)
    SystemClock_Config                       0x08004511   Thumb Code   120  main.o(.text.SystemClock_Config)
    SystemInit                               0x08004589   Thumb Code    18  system_stm32l4xx.o(.text.SystemInit)
    USBD_CDC_GetDeviceQualifierDescriptor    0x080046b1   Thumb Code    16  usbd_cdc.o(.text.USBD_CDC_GetDeviceQualifierDescriptor)
    USBD_CDC_ReceivePacket                   0x08004789   Thumb Code    44  usbd_cdc.o(.text.USBD_CDC_ReceivePacket)
    USBD_CDC_RegisterInterface               0x080047b5   Thumb Code    14  usbd_cdc.o(.text.USBD_CDC_RegisterInterface)
    USBD_CDC_SetRxBuffer                     0x080047c5   Thumb Code    18  usbd_cdc.o(.text.USBD_CDC_SetRxBuffer)
    USBD_CDC_SetTxBuffer                     0x080047d9   Thumb Code    22  usbd_cdc.o(.text.USBD_CDC_SetTxBuffer)
    USBD_CDC_TransmitPacket                  0x080048e1   Thumb Code    54  usbd_cdc.o(.text.USBD_CDC_TransmitPacket)
    USBD_ClrClassConfig                      0x08004919   Thumb Code    16  usbd_core.o(.text.USBD_ClrClassConfig)
    USBD_CtlContinueRx                       0x08004929   Thumb Code    16  usbd_ioreq.o(.text.USBD_CtlContinueRx)
    USBD_CtlContinueSendData                 0x08004939   Thumb Code    16  usbd_ioreq.o(.text.USBD_CtlContinueSendData)
    USBD_CtlError                            0x08004949   Thumb Code    22  usbd_ctlreq.o(.text.USBD_CtlError)
    USBD_CtlPrepareRx                        0x08004961   Thumb Code    26  usbd_ioreq.o(.text.USBD_CtlPrepareRx)
    USBD_CtlReceiveStatus                    0x0800497d   Thumb Code    22  usbd_ioreq.o(.text.USBD_CtlReceiveStatus)
    USBD_CtlSendData                         0x08004995   Thumb Code    26  usbd_ioreq.o(.text.USBD_CtlSendData)
    USBD_CtlSendStatus                       0x080049b1   Thumb Code    22  usbd_ioreq.o(.text.USBD_CtlSendStatus)
    USBD_FS_ConfigStrDescriptor              0x080049c9   Thumb Code    24  usbd_desc.o(.text.USBD_FS_ConfigStrDescriptor)
    USBD_FS_DeviceDescriptor                 0x080049ed   Thumb Code    14  usbd_desc.o(.text.USBD_FS_DeviceDescriptor)
    USBD_FS_InterfaceStrDescriptor           0x080049fd   Thumb Code    24  usbd_desc.o(.text.USBD_FS_InterfaceStrDescriptor)
    USBD_FS_LangIDStrDescriptor              0x08004a25   Thumb Code    14  usbd_desc.o(.text.USBD_FS_LangIDStrDescriptor)
    USBD_FS_ManufacturerStrDescriptor        0x08004a35   Thumb Code    24  usbd_desc.o(.text.USBD_FS_ManufacturerStrDescriptor)
    USBD_FS_ProductStrDescriptor             0x08004a61   Thumb Code    24  usbd_desc.o(.text.USBD_FS_ProductStrDescriptor)
    USBD_FS_SerialStrDescriptor              0x08004a91   Thumb Code   364  usbd_desc.o(.text.USBD_FS_SerialStrDescriptor)
    USBD_FS_USR_BOSDescriptor                0x08004bfd   Thumb Code    14  usbd_desc.o(.text.USBD_FS_USR_BOSDescriptor)
    USBD_GetString                           0x08004c0d   Thumb Code   218  usbd_ctlreq.o(.text.USBD_GetString)
    USBD_Init                                0x08004ce9   Thumb Code    42  usbd_core.o(.text.USBD_Init)
    USBD_LL_ClearStallEP                     0x08004d15   Thumb Code    34  usbd_conf.o(.text.USBD_LL_ClearStallEP)
    USBD_LL_CloseEP                          0x08004d39   Thumb Code    34  usbd_conf.o(.text.USBD_LL_CloseEP)
    USBD_LL_DataInStage                      0x08004d5d   Thumb Code   168  usbd_core.o(.text.USBD_LL_DataInStage)
    USBD_LL_DataOutStage                     0x08004e05   Thumb Code   110  usbd_core.o(.text.USBD_LL_DataOutStage)
    USBD_LL_GetRxDataSize                    0x08004e75   Thumb Code     8  usbd_conf.o(.text.USBD_LL_GetRxDataSize)
    USBD_LL_Init                             0x08004e7d   Thumb Code   142  usbd_conf.o(.text.USBD_LL_Init)
    USBD_LL_IsStallEP                        0x08004f0d   Thumb Code    34  usbd_conf.o(.text.USBD_LL_IsStallEP)
    USBD_LL_OpenEP                           0x08004f31   Thumb Code    40  usbd_conf.o(.text.USBD_LL_OpenEP)
    USBD_LL_PrepareReceive                   0x08004f59   Thumb Code    34  usbd_conf.o(.text.USBD_LL_PrepareReceive)
    USBD_LL_Reset                            0x08004f7d   Thumb Code   104  usbd_core.o(.text.USBD_LL_Reset)
    USBD_LL_Resume                           0x08004fe5   Thumb Code    20  usbd_core.o(.text.USBD_LL_Resume)
    USBD_LL_SOF                              0x08004ff9   Thumb Code    32  usbd_core.o(.text.USBD_LL_SOF)
    USBD_LL_SetSpeed                         0x08005019   Thumb Code     8  usbd_core.o(.text.USBD_LL_SetSpeed)
    USBD_LL_SetUSBAddress                    0x08005021   Thumb Code    34  usbd_conf.o(.text.USBD_LL_SetUSBAddress)
    USBD_LL_SetupStage                       0x08005045   Thumb Code    98  usbd_core.o(.text.USBD_LL_SetupStage)
    USBD_LL_StallEP                          0x080050a9   Thumb Code    34  usbd_conf.o(.text.USBD_LL_StallEP)
    USBD_LL_Start                            0x080050cd   Thumb Code    34  usbd_conf.o(.text.USBD_LL_Start)
    USBD_LL_Suspend                          0x080050f1   Thumb Code    20  usbd_core.o(.text.USBD_LL_Suspend)
    USBD_LL_Transmit                         0x08005105   Thumb Code    34  usbd_conf.o(.text.USBD_LL_Transmit)
    USBD_ParseSetupRequest                   0x08005129   Thumb Code    22  usbd_ctlreq.o(.text.USBD_ParseSetupRequest)
    USBD_RegisterClass                       0x08005141   Thumb Code    46  usbd_core.o(.text.USBD_RegisterClass)
    USBD_SetClassConfig                      0x08005171   Thumb Code    16  usbd_core.o(.text.USBD_SetClassConfig)
    USBD_Start                               0x08005181   Thumb Code     4  usbd_core.o(.text.USBD_Start)
    USBD_StdDevReq                           0x08005185   Thumb Code   884  usbd_ctlreq.o(.text.USBD_StdDevReq)
    USBD_StdEPReq                            0x080054f9   Thumb Code   326  usbd_ctlreq.o(.text.USBD_StdEPReq)
    USBD_StdItfReq                           0x08005641   Thumb Code   122  usbd_ctlreq.o(.text.USBD_StdItfReq)
    USBD_static_free                         0x080056bd   Thumb Code     2  usbd_conf.o(.text.USBD_static_free)
    USBD_static_malloc                       0x080056c1   Thumb Code    10  usbd_conf.o(.text.USBD_static_malloc)
    USB_ActivateEndpoint                     0x080056cd   Thumb Code   590  stm32l4xx_ll_usb.o(.text.USB_ActivateEndpoint)
    USB_CoreInit                             0x0800591d   Thumb Code     4  stm32l4xx_ll_usb.o(.text.USB_CoreInit)
    USB_DeactivateEndpoint                   0x08005921   Thumb Code   226  stm32l4xx_ll_usb.o(.text.USB_DeactivateEndpoint)
    USB_DevConnect                           0x08005a05   Thumb Code    18  stm32l4xx_ll_usb.o(.text.USB_DevConnect)
    USB_DevDisconnect                        0x08005a19   Thumb Code    18  stm32l4xx_ll_usb.o(.text.USB_DevDisconnect)
    USB_DevInit                              0x08005a2d   Thumb Code    26  stm32l4xx_ll_usb.o(.text.USB_DevInit)
    USB_DisableGlobalInt                     0x08005a49   Thumb Code    20  stm32l4xx_ll_usb.o(.text.USB_DisableGlobalInt)
    USB_EP0_OutStart                         0x08005a5d   Thumb Code     4  stm32l4xx_ll_usb.o(.text.USB_EP0_OutStart)
    USB_EPClearStall                         0x08005a61   Thumb Code   124  stm32l4xx_ll_usb.o(.text.USB_EPClearStall)
    USB_EPSetStall                           0x08005add   Thumb Code    50  stm32l4xx_ll_usb.o(.text.USB_EPSetStall)
    USB_EPStartXfer                          0x08005b11   Thumb Code  2106  stm32l4xx_ll_usb.o(.text.USB_EPStartXfer)
    USB_EnableGlobalInt                      0x08006351   Thumb Code    20  stm32l4xx_ll_usb.o(.text.USB_EnableGlobalInt)
    USB_IRQHandler                           0x08006365   Thumb Code    12  stm32l4xx_it.o(.text.USB_IRQHandler)
    USB_ReadInterrupts                       0x08006371   Thumb Code     6  stm32l4xx_ll_usb.o(.text.USB_ReadInterrupts)
    USB_ReadPMA                              0x08006379   Thumb Code   156  stm32l4xx_ll_usb.o(.text.USB_ReadPMA)
    USB_SetCurrentMode                       0x08006415   Thumb Code     4  stm32l4xx_ll_usb.o(.text.USB_SetCurrentMode)
    USB_SetDevAddress                        0x08006419   Thumb Code    14  stm32l4xx_ll_usb.o(.text.USB_SetDevAddress)
    USB_WritePMA                             0x08006429   Thumb Code   130  stm32l4xx_ll_usb.o(.text.USB_WritePMA)
    UsageFault_Handler                       0x080064ad   Thumb Code     2  stm32l4xx_it.o(.text.UsageFault_Handler)
    hal_spi_init                             0x080064b1   Thumb Code     2  main.o(.text.hal_spi_init)
    hal_spi_read                             0x080064b5   Thumb Code    82  main.o(.text.hal_spi_read)
    hal_spi_write                            0x08006509   Thumb Code    78  main.o(.text.hal_spi_write)
    main                                     0x08006559   Thumb Code   424  main.o(.text.main)
    mpu6500_delay_ms                         0x08006749   Thumb Code     4  main.o(.text.mpu6500_delay_ms)
    usb_printf                               0x0800674d   Thumb Code    62  main.o(.text.usb_printf)
    _btod_d2e                                0x0800678b   Thumb Code    62  btod.o(CL$$btod_d2e)
    _d2e_denorm_low                          0x080067c9   Thumb Code    70  btod.o(CL$$btod_d2e_denorm_low)
    _d2e_norm_op1                            0x0800680f   Thumb Code    96  btod.o(CL$$btod_d2e_norm_op1)
    __btod_div_common                        0x08006871   Thumb Code   696  btod.o(CL$$btod_div_common)
    _e2e                                     0x08006ba9   Thumb Code   220  btod.o(CL$$btod_e2e)
    _btod_ediv                               0x08006c85   Thumb Code    42  btod.o(CL$$btod_ediv)
    _btod_emul                               0x08006caf   Thumb Code    42  btod.o(CL$$btod_emul)
    __btod_mult_common                       0x08006cd9   Thumb Code   580  btod.o(CL$$btod_mult_common)
    __ARM_fpclassify                         0x08006f1d   Thumb Code    48  fpclassify.o(i.__ARM_fpclassify)
    _is_digit                                0x08006f4d   Thumb Code    14  __printf_wp.o(i._is_digit)
    _get_lc_numeric                          0x08006f5d   Thumb Code    44  lc_numeric_c.o(locale$$code)
    _get_lc_ctype                            0x08006f89   Thumb Code    44  lc_ctype_c.o(locale$$code)
    __fpl_dcmp_Inf                           0x08006fb5   Thumb Code    24  dcmpi.o(x$fpl$dcmpinf)
    __aeabi_cdcmpeq                          0x08006fcd   Thumb Code     0  deqf.o(x$fpl$deqf)
    _dcmpeq                                  0x08006fcd   Thumb Code   120  deqf.o(x$fpl$deqf)
    __aeabi_cdcmpge                          0x08007045   Thumb Code     0  dgeqf.o(x$fpl$dgeqf)
    _dcmpge                                  0x08007045   Thumb Code   120  dgeqf.o(x$fpl$dgeqf)
    __aeabi_cdcmple                          0x080070bd   Thumb Code     0  dleqf.o(x$fpl$dleqf)
    _dcmple                                  0x080070bd   Thumb Code   120  dleqf.o(x$fpl$dleqf)
    __fpl_dcmple_InfNaN                      0x0800711f   Thumb Code     0  dleqf.o(x$fpl$dleqf)
    __fpl_dnaninf                            0x08007135   Thumb Code   156  dnaninf.o(x$fpl$dnaninf)
    __fpl_dretinf                            0x080071d1   Thumb Code    12  dretinf.o(x$fpl$dretinf)
    __aeabi_f2d                              0x080071dd   Thumb Code     0  f2d.o(x$fpl$f2d)
    _f2d                                     0x080071dd   Thumb Code    86  f2d.o(x$fpl$f2d)
    __aeabi_dcmpeq                           0x08007233   Thumb Code     0  dcmp.o(x$fpl$fcmp)
    _deq                                     0x08007233   Thumb Code    14  dcmp.o(x$fpl$fcmp)
    _dneq                                    0x08007241   Thumb Code    14  dcmp.o(x$fpl$fcmp)
    __aeabi_dcmpgt                           0x0800724f   Thumb Code     0  dcmp.o(x$fpl$fcmp)
    _dgr                                     0x0800724f   Thumb Code    14  dcmp.o(x$fpl$fcmp)
    __aeabi_dcmpge                           0x0800725d   Thumb Code     0  dcmp.o(x$fpl$fcmp)
    _dgeq                                    0x0800725d   Thumb Code    14  dcmp.o(x$fpl$fcmp)
    __aeabi_dcmple                           0x0800726b   Thumb Code     0  dcmp.o(x$fpl$fcmp)
    _dleq                                    0x0800726b   Thumb Code    14  dcmp.o(x$fpl$fcmp)
    __aeabi_dcmplt                           0x08007279   Thumb Code     0  dcmp.o(x$fpl$fcmp)
    _dls                                     0x08007279   Thumb Code    14  dcmp.o(x$fpl$fcmp)
    __fpl_fnaninf                            0x08007287   Thumb Code   140  fnaninf.o(x$fpl$fnaninf)
    _fp_init                                 0x08007313   Thumb Code    26  fpinit.o(x$fpl$fpinit)
    __fplib_config_fpu_vfp                   0x0800732b   Thumb Code     0  fpinit.o(x$fpl$fpinit)
    __fplib_config_pureend_doubles           0x0800732b   Thumb Code     0  fpinit.o(x$fpl$fpinit)
    _printf_fp_dec                           0x0800732d   Thumb Code     4  printf1.o(x$fpl$printf1)
    _printf_fp_hex                           0x08007331   Thumb Code     4  printf2.o(x$fpl$printf2)
    __I$use$fp                               0x08007334   Number         0  usenofp.o(x$fpl$usenofp)
    AHBPrescTable                            0x08007430   Data          16  system_stm32l4xx.o(.rodata.AHBPrescTable)
    MSIRangeTable                            0x08007440   Data          48  system_stm32l4xx.o(.rodata.MSIRangeTable)
    Region$$Table$$Base                      0x08007470   Number         0  anon$$obj.o(Region$$Table)
    Region$$Table$$Limit                     0x08007490   Number         0  anon$$obj.o(Region$$Table)
    __ctype                                  0x080074b9   Data           0  lc_ctype_c.o(locale$$data)
    uwTickFreq                               0x20000000   Data           1  stm32l4xx_hal.o(.data..L_MergedGlobals)
    uwTickPrio                               0x20000004   Data           4  stm32l4xx_hal.o(.data..L_MergedGlobals)
    FS_Desc                                  0x20000008   Data          32  usbd_desc.o(.data.FS_Desc)
    SystemCoreClock                          0x20000028   Data           4  system_stm32l4xx.o(.data.SystemCoreClock)
    USBD_CDC                                 0x2000002c   Data          56  usbd_cdc.o(.data.USBD_CDC)
    USBD_FS_BOSDesc                          0x2000013c   Data          12  usbd_desc.o(.data.USBD_FS_BOSDesc)
    USBD_FS_DeviceDesc                       0x20000148   Data          18  usbd_desc.o(.data.USBD_FS_DeviceDesc)
    USBD_Interface_fops_FS                   0x2000015c   Data          20  usbd_cdc_if.o(.data.USBD_Interface_fops_FS)
    USBD_LangIDDesc                          0x20000170   Data           4  usbd_desc.o(.data.USBD_LangIDDesc)
    USBD_StringSerial                        0x20000174   Data          26  usbd_desc.o(.data.USBD_StringSerial)
    __libspace_start                         0x20000190   Data          96  libspace.o(.bss)
    __temporary_stack_top$libspace           0x200001f0   Data           0  libspace.o(.bss)
    g                                        0x200001f0   Data           4  main.o(.bss..L_MergedGlobals)
    att                                      0x200001f4   Data           4  main.o(.bss..L_MergedGlobals)
    USBD_StrDesc                             0x20000214   Data         512  usbd_desc.o(.bss.USBD_StrDesc)
    UserRxBufferFS                           0x20000634   Data        1024  usbd_cdc_if.o(.bss.UserRxBufferFS)
    UserTxBufferFS                           0x20000a34   Data        1024  usbd_cdc_if.o(.bss.UserTxBufferFS)
    hUsbDeviceFS                             0x20000e34   Data         720  usb_device.o(.bss.hUsbDeviceFS)
    hpcd_USB_FS                              0x20001104   Data         764  usbd_conf.o(.bss.hpcd_USB_FS)
    hspi1                                    0x20001400   Data         100  spi.o(.bss.hspi1)
    uwTick                                   0x20001464   Data           4  stm32l4xx_hal.o(.bss.uwTick)



==============================================================================

Memory Map of the image

  Image Entry point : 0x0800018d

  Load Region LR_IROM1 (Base: 0x08000000, Size: 0x00007750, Max: 0x00040000, ABSOLUTE, COMPRESSED[0x00007690])

    Execution Region ER_IROM1 (Exec base: 0x08000000, Load base: 0x08000000, Size: 0x000075bc, Max: 0x00040000, ABSOLUTE)

    Exec Addr    Load Addr    Size         Type   Attr      Idx    E Section Name        Object

    0x08000000   0x08000000   0x0000018c   Data   RO            3    RESET               startup_stm32l432xx.o
    0x0800018c   0x0800018c   0x00000008   Code   RO         1356  * !!!main             c_w.l(__main.o)
    0x08000194   0x08000194   0x00000034   Code   RO         1713    !!!scatter          c_w.l(__scatter.o)
    0x080001c8   0x080001c8   0x0000005a   Code   RO         1711    !!dczerorl2         c_w.l(__dczerorl2.o)
    0x08000222   0x08000222   0x00000002   PAD
    0x08000224   0x08000224   0x0000001c   Code   RO         1715    !!handler_zi        c_w.l(__scatter_zi.o)
    0x08000240   0x08000240   0x00000000   Code   RO         1444    .ARM.Collect$$_printf_percent$$00000000  c_w.l(_printf_percent.o)
    0x08000240   0x08000240   0x00000006   Code   RO         1433    .ARM.Collect$$_printf_percent$$00000001  c_w.l(_printf_n.o)
    0x08000246   0x08000246   0x00000006   Code   RO         1435    .ARM.Collect$$_printf_percent$$00000002  c_w.l(_printf_p.o)
    0x0800024c   0x0800024c   0x00000006   Code   RO         1440    .ARM.Collect$$_printf_percent$$00000003  c_w.l(_printf_f.o)
    0x08000252   0x08000252   0x00000006   Code   RO         1441    .ARM.Collect$$_printf_percent$$00000004  c_w.l(_printf_e.o)
    0x08000258   0x08000258   0x00000006   Code   RO         1442    .ARM.Collect$$_printf_percent$$00000005  c_w.l(_printf_g.o)
    0x0800025e   0x0800025e   0x00000006   Code   RO         1443    .ARM.Collect$$_printf_percent$$00000006  c_w.l(_printf_a.o)
    0x08000264   0x08000264   0x0000000a   Code   RO         1448    .ARM.Collect$$_printf_percent$$00000007  c_w.l(_printf_ll.o)
    0x0800026e   0x0800026e   0x00000006   Code   RO         1437    .ARM.Collect$$_printf_percent$$00000008  c_w.l(_printf_i.o)
    0x08000274   0x08000274   0x00000006   Code   RO         1438    .ARM.Collect$$_printf_percent$$00000009  c_w.l(_printf_d.o)
    0x0800027a   0x0800027a   0x00000006   Code   RO         1439    .ARM.Collect$$_printf_percent$$0000000A  c_w.l(_printf_u.o)
    0x08000280   0x08000280   0x00000006   Code   RO         1436    .ARM.Collect$$_printf_percent$$0000000B  c_w.l(_printf_o.o)
    0x08000286   0x08000286   0x00000006   Code   RO         1434    .ARM.Collect$$_printf_percent$$0000000C  c_w.l(_printf_x.o)
    0x0800028c   0x0800028c   0x00000006   Code   RO         1445    .ARM.Collect$$_printf_percent$$0000000D  c_w.l(_printf_lli.o)
    0x08000292   0x08000292   0x00000006   Code   RO         1446    .ARM.Collect$$_printf_percent$$0000000E  c_w.l(_printf_lld.o)
    0x08000298   0x08000298   0x00000006   Code   RO         1447    .ARM.Collect$$_printf_percent$$0000000F  c_w.l(_printf_llu.o)
    0x0800029e   0x0800029e   0x00000006   Code   RO         1452    .ARM.Collect$$_printf_percent$$00000010  c_w.l(_printf_llo.o)
    0x080002a4   0x080002a4   0x00000006   Code   RO         1453    .ARM.Collect$$_printf_percent$$00000011  c_w.l(_printf_llx.o)
    0x080002aa   0x080002aa   0x0000000a   Code   RO         1449    .ARM.Collect$$_printf_percent$$00000012  c_w.l(_printf_l.o)
    0x080002b4   0x080002b4   0x00000006   Code   RO         1431    .ARM.Collect$$_printf_percent$$00000013  c_w.l(_printf_c.o)
    0x080002ba   0x080002ba   0x00000006   Code   RO         1432    .ARM.Collect$$_printf_percent$$00000014  c_w.l(_printf_s.o)
    0x080002c0   0x080002c0   0x00000006   Code   RO         1450    .ARM.Collect$$_printf_percent$$00000015  c_w.l(_printf_lc.o)
    0x080002c6   0x080002c6   0x00000006   Code   RO         1451    .ARM.Collect$$_printf_percent$$00000016  c_w.l(_printf_ls.o)
    0x080002cc   0x080002cc   0x00000004   Code   RO         1505    .ARM.Collect$$_printf_percent$$00000017  c_w.l(_printf_percent_end.o)
    0x080002d0   0x080002d0   0x00000002   Code   RO         1560    .ARM.Collect$$libinit$$00000000  c_w.l(libinit.o)
    0x080002d2   0x080002d2   0x00000004   Code   RO         1577    .ARM.Collect$$libinit$$00000001  c_w.l(libinit2.o)
    0x080002d6   0x080002d6   0x00000000   Code   RO         1580    .ARM.Collect$$libinit$$00000004  c_w.l(libinit2.o)
    0x080002d6   0x080002d6   0x00000000   Code   RO         1582    .ARM.Collect$$libinit$$00000006  c_w.l(libinit2.o)
    0x080002d6   0x080002d6   0x00000000   Code   RO         1585    .ARM.Collect$$libinit$$0000000C  c_w.l(libinit2.o)
    0x080002d6   0x080002d6   0x00000000   Code   RO         1587    .ARM.Collect$$libinit$$0000000E  c_w.l(libinit2.o)
    0x080002d6   0x080002d6   0x00000000   Code   RO         1589    .ARM.Collect$$libinit$$00000010  c_w.l(libinit2.o)
    0x080002d6   0x080002d6   0x00000006   Code   RO         1590    .ARM.Collect$$libinit$$00000011  c_w.l(libinit2.o)
    0x080002dc   0x080002dc   0x00000000   Code   RO         1592    .ARM.Collect$$libinit$$00000013  c_w.l(libinit2.o)
    0x080002dc   0x080002dc   0x0000000c   Code   RO         1593    .ARM.Collect$$libinit$$00000014  c_w.l(libinit2.o)
    0x080002e8   0x080002e8   0x00000000   Code   RO         1594    .ARM.Collect$$libinit$$00000015  c_w.l(libinit2.o)
    0x080002e8   0x080002e8   0x00000000   Code   RO         1596    .ARM.Collect$$libinit$$00000017  c_w.l(libinit2.o)
    0x080002e8   0x080002e8   0x0000000a   Code   RO         1597    .ARM.Collect$$libinit$$00000018  c_w.l(libinit2.o)
    0x080002f2   0x080002f2   0x00000000   Code   RO         1598    .ARM.Collect$$libinit$$00000019  c_w.l(libinit2.o)
    0x080002f2   0x080002f2   0x00000000   Code   RO         1600    .ARM.Collect$$libinit$$0000001B  c_w.l(libinit2.o)
    0x080002f2   0x080002f2   0x00000000   Code   RO         1602    .ARM.Collect$$libinit$$0000001D  c_w.l(libinit2.o)
    0x080002f2   0x080002f2   0x00000000   Code   RO         1604    .ARM.Collect$$libinit$$0000001F  c_w.l(libinit2.o)
    0x080002f2   0x080002f2   0x00000000   Code   RO         1606    .ARM.Collect$$libinit$$00000021  c_w.l(libinit2.o)
    0x080002f2   0x080002f2   0x00000000   Code   RO         1608    .ARM.Collect$$libinit$$00000023  c_w.l(libinit2.o)
    0x080002f2   0x080002f2   0x00000000   Code   RO         1610    .ARM.Collect$$libinit$$00000025  c_w.l(libinit2.o)
    0x080002f2   0x080002f2   0x00000000   Code   RO         1612    .ARM.Collect$$libinit$$00000027  c_w.l(libinit2.o)
    0x080002f2   0x080002f2   0x00000000   Code   RO         1616    .ARM.Collect$$libinit$$0000002E  c_w.l(libinit2.o)
    0x080002f2   0x080002f2   0x00000000   Code   RO         1618    .ARM.Collect$$libinit$$00000030  c_w.l(libinit2.o)
    0x080002f2   0x080002f2   0x00000000   Code   RO         1620    .ARM.Collect$$libinit$$00000032  c_w.l(libinit2.o)
    0x080002f2   0x080002f2   0x00000000   Code   RO         1622    .ARM.Collect$$libinit$$00000034  c_w.l(libinit2.o)
    0x080002f2   0x080002f2   0x00000002   Code   RO         1623    .ARM.Collect$$libinit$$00000035  c_w.l(libinit2.o)
    0x080002f4   0x080002f4   0x00000002   Code   RO         1647    .ARM.Collect$$libshutdown$$00000000  c_w.l(libshutdown.o)
    0x080002f6   0x080002f6   0x00000000   Code   RO         1662    .ARM.Collect$$libshutdown$$00000002  c_w.l(libshutdown2.o)
    0x080002f6   0x080002f6   0x00000000   Code   RO         1664    .ARM.Collect$$libshutdown$$00000004  c_w.l(libshutdown2.o)
    0x080002f6   0x080002f6   0x00000000   Code   RO         1667    .ARM.Collect$$libshutdown$$00000007  c_w.l(libshutdown2.o)
    0x080002f6   0x080002f6   0x00000000   Code   RO         1670    .ARM.Collect$$libshutdown$$0000000A  c_w.l(libshutdown2.o)
    0x080002f6   0x080002f6   0x00000000   Code   RO         1672    .ARM.Collect$$libshutdown$$0000000C  c_w.l(libshutdown2.o)
    0x080002f6   0x080002f6   0x00000000   Code   RO         1675    .ARM.Collect$$libshutdown$$0000000F  c_w.l(libshutdown2.o)
    0x080002f6   0x080002f6   0x00000002   Code   RO         1676    .ARM.Collect$$libshutdown$$00000010  c_w.l(libshutdown2.o)
    0x080002f8   0x080002f8   0x00000000   Code   RO         1362    .ARM.Collect$$rtentry$$00000000  c_w.l(__rtentry.o)
    0x080002f8   0x080002f8   0x00000000   Code   RO         1474    .ARM.Collect$$rtentry$$00000002  c_w.l(__rtentry2.o)
    0x080002f8   0x080002f8   0x00000006   Code   RO         1486    .ARM.Collect$$rtentry$$00000004  c_w.l(__rtentry4.o)
    0x080002fe   0x080002fe   0x00000000   Code   RO         1476    .ARM.Collect$$rtentry$$00000009  c_w.l(__rtentry2.o)
    0x080002fe   0x080002fe   0x00000004   Code   RO         1477    .ARM.Collect$$rtentry$$0000000A  c_w.l(__rtentry2.o)
    0x08000302   0x08000302   0x00000000   Code   RO         1479    .ARM.Collect$$rtentry$$0000000C  c_w.l(__rtentry2.o)
    0x08000302   0x08000302   0x00000008   Code   RO         1480    .ARM.Collect$$rtentry$$0000000D  c_w.l(__rtentry2.o)
    0x0800030a   0x0800030a   0x00000002   Code   RO         1568    .ARM.Collect$$rtexit$$00000000  c_w.l(rtexit.o)
    0x0800030c   0x0800030c   0x00000000   Code   RO         1625    .ARM.Collect$$rtexit$$00000002  c_w.l(rtexit2.o)
    0x0800030c   0x0800030c   0x00000004   Code   RO         1626    .ARM.Collect$$rtexit$$00000003  c_w.l(rtexit2.o)
    0x08000310   0x08000310   0x00000006   Code   RO         1627    .ARM.Collect$$rtexit$$00000004  c_w.l(rtexit2.o)
    0x08000316   0x08000316   0x00000002   PAD
    0x08000318   0x08000318   0x00000040   Code   RO            4    .text               startup_stm32l432xx.o
    0x08000358   0x08000358   0x0000003c   Code   RO         1350    .text               c_w.l(vsnprintf.o)
    0x08000394   0x08000394   0x0000004e   Code   RO         1352    .text               c_w.l(rt_memclr_w.o)
    0x080003e2   0x080003e2   0x00000006   Code   RO         1354    .text               c_w.l(heapauxi.o)
    0x080003e8   0x080003e8   0x0000004e   Code   RO         1365    .text               c_w.l(_printf_pad.o)
    0x08000436   0x08000436   0x00000024   Code   RO         1367    .text               c_w.l(_printf_truncate.o)
    0x0800045a   0x0800045a   0x00000052   Code   RO         1369    .text               c_w.l(_printf_str.o)
    0x080004ac   0x080004ac   0x00000078   Code   RO         1371    .text               c_w.l(_printf_dec.o)
    0x08000524   0x08000524   0x00000028   Code   RO         1373    .text               c_w.l(_printf_charcount.o)
    0x0800054c   0x0800054c   0x00000030   Code   RO         1375    .text               c_w.l(_printf_char_common.o)
    0x0800057c   0x0800057c   0x00000010   Code   RO         1377    .text               c_w.l(_snputc.o)
    0x0800058c   0x0800058c   0x000000c2   Code   RO         1379    .text               c_w.l(_printf_wctomb.o)
    0x0800064e   0x0800064e   0x00000002   PAD
    0x08000650   0x08000650   0x0000007c   Code   RO         1382    .text               c_w.l(_printf_longlong_dec.o)
    0x080006cc   0x080006cc   0x00000070   Code   RO         1388    .text               c_w.l(_printf_oct_int_ll.o)
    0x0800073c   0x0800073c   0x00000094   Code   RO         1408    .text               c_w.l(_printf_hex_int_ll_ptr.o)
    0x080007d0   0x080007d0   0x0000018e   Code   RO         1428    .text               c_w.l(__printf_flags_ss_wp.o)
    0x0800095e   0x0800095e   0x0000008a   Code   RO         1488    .text               c_w.l(lludiv10.o)
    0x080009e8   0x080009e8   0x000000b2   Code   RO         1490    .text               c_w.l(_printf_intcommon.o)
    0x08000a9a   0x08000a9a   0x00000422   Code   RO         1492    .text               c_w.l(_printf_fp_dec.o)
    0x08000ebc   0x08000ebc   0x00000302   Code   RO         1496    .text               c_w.l(_printf_fp_hex.o)
    0x080011be   0x080011be   0x0000002c   Code   RO         1501    .text               c_w.l(_printf_char.o)
    0x080011ea   0x080011ea   0x0000002c   Code   RO         1503    .text               c_w.l(_printf_wchar.o)
    0x08001216   0x08001216   0x00000048   Code   RO         1506    .text               c_w.l(_c16rtomb.o)
    0x0800125e   0x0800125e   0x0000004a   Code   RO         1512    .text               c_w.l(sys_stackheap_outer.o)
    0x080012a8   0x080012a8   0x00000010   Code   RO         1514    .text               c_w.l(rt_ctype_table.o)
    0x080012b8   0x080012b8   0x00000008   Code   RO         1519    .text               c_w.l(rt_locale_intlibspace.o)
    0x080012c0   0x080012c0   0x00000080   Code   RO         1521    .text               c_w.l(_printf_fp_infnan.o)
    0x08001340   0x08001340   0x000000e4   Code   RO         1523    .text               c_w.l(bigflt0.o)
    0x08001424   0x08001424   0x00000012   Code   RO         1553    .text               c_w.l(exit.o)
    0x08001436   0x08001436   0x00000002   PAD
    0x08001438   0x08001438   0x00000008   Code   RO         1565    .text               c_w.l(libspace.o)
    0x08001440   0x08001440   0x0000007c   Code   RO         1575    .text               c_w.l(strcmpv7em.o)
    0x080014bc   0x080014bc   0x0000000c   Code   RO         1637    .text               c_w.l(sys_exit.o)
    0x080014c8   0x080014c8   0x00000002   Code   RO         1652    .text               c_w.l(use_no_semi.o)
    0x080014ca   0x080014ca   0x00000000   Code   RO         1654    .text               c_w.l(indicate_semi.o)
    0x080014ca   0x080014ca   0x00000002   PAD
    0x080014cc   0x080014cc   0x00000002   Code   RO           79    .text.BusFault_Handler  stm32l4xx_it.o
    0x080014ce   0x080014ce   0x00000002   PAD
    0x080014d0   0x080014d0   0x00000004   Code   RO          151    .text.CDC_Control_FS  usbd_cdc_if.o
    0x080014d4   0x080014d4   0x00000004   Code   RO          149    .text.CDC_DeInit_FS  usbd_cdc_if.o
    0x080014d8   0x080014d8   0x0000002c   Code   RO          147    .text.CDC_Init_FS   usbd_cdc_if.o
    0x08001504   0x08001504   0x0000001c   Code   RO          153    .text.CDC_Receive_FS  usbd_cdc_if.o
    0x08001520   0x08001520   0x00000004   Code   RO          155    .text.CDC_TransmitCplt_FS  usbd_cdc_if.o
    0x08001524   0x08001524   0x00000036   Code   RO          157    .text.CDC_Transmit_FS  usbd_cdc_if.o
    0x0800155a   0x0800155a   0x00000002   PAD
    0x0800155c   0x0800155c   0x00000002   Code   RO           85    .text.DebugMon_Handler  stm32l4xx_it.o
    0x0800155e   0x0800155e   0x00000002   PAD
    0x08001560   0x08001560   0x0000000a   Code   RO           37    .text.Error_Handler  main.o
    0x0800156a   0x0800156a   0x00000002   PAD
    0x0800156c   0x0800156c   0x00000028   Code   RO          424    .text.HAL_Delay     stm32l4xx_hal.o
    0x08001594   0x08001594   0x000001b4   Code   RO          806    .text.HAL_GPIO_Init  stm32l4xx_hal_gpio.o
    0x08001748   0x08001748   0x0000000c   Code   RO          812    .text.HAL_GPIO_WritePin  stm32l4xx_hal_gpio.o
    0x08001754   0x08001754   0x0000000c   Code   RO          416    .text.HAL_GetTick   stm32l4xx_hal.o
    0x08001760   0x08001760   0x0000001a   Code   RO          414    .text.HAL_IncTick   stm32l4xx_hal.o
    0x0800177a   0x0800177a   0x00000002   PAD
    0x0800177c   0x0800177c   0x0000001e   Code   RO          404    .text.HAL_Init      stm32l4xx_hal.o
    0x0800179a   0x0800179a   0x00000002   PAD
    0x0800179c   0x0800179c   0x0000004c   Code   RO          406    .text.HAL_InitTick  stm32l4xx_hal.o
    0x080017e8   0x080017e8   0x00000032   Code   RO          100    .text.HAL_MspInit   stm32l4xx_hal_msp.o
    0x0800181a   0x0800181a   0x00000002   PAD
    0x0800181c   0x0800181c   0x00000026   Code   RO          983    .text.HAL_NVIC_EnableIRQ  stm32l4xx_hal_cortex.o
    0x08001842   0x08001842   0x00000002   PAD
    0x08001844   0x08001844   0x00000056   Code   RO          981    .text.HAL_NVIC_SetPriority  stm32l4xx_hal_cortex.o
    0x0800189a   0x0800189a   0x00000002   PAD
    0x0800189c   0x0800189c   0x00000020   Code   RO          979    .text.HAL_NVIC_SetPriorityGrouping  stm32l4xx_hal_cortex.o
    0x080018bc   0x080018bc   0x0000002a   Code   RO          326    .text.HAL_PCDEx_ActivateLPM  stm32l4xx_hal_pcd_ex.o
    0x080018e6   0x080018e6   0x00000002   PAD
    0x080018e8   0x080018e8   0x00000052   Code   RO          224    .text.HAL_PCDEx_LPM_Callback  usbd_conf.o
    0x0800193a   0x0800193a   0x00000002   PAD
    0x0800193c   0x0800193c   0x0000003a   Code   RO          316    .text.HAL_PCDEx_PMAConfig  stm32l4xx_hal_pcd_ex.o
    0x08001976   0x08001976   0x00000002   PAD
    0x08001978   0x08001978   0x00000014   Code   RO          178    .text.HAL_PCD_DataInStageCallback  usbd_conf.o
    0x0800198c   0x0800198c   0x00000016   Code   RO          176    .text.HAL_PCD_DataOutStageCallback  usbd_conf.o
    0x080019a2   0x080019a2   0x00000002   PAD
    0x080019a4   0x080019a4   0x00000050   Code   RO          286    .text.HAL_PCD_EP_Close  stm32l4xx_hal_pcd.o
    0x080019f4   0x080019f4   0x00000064   Code   RO          296    .text.HAL_PCD_EP_ClrStall  stm32l4xx_hal_pcd.o
    0x08001a58   0x08001a58   0x00000012   Code   RO          290    .text.HAL_PCD_EP_GetRxCount  stm32l4xx_hal_pcd.o
    0x08001a6a   0x08001a6a   0x00000002   PAD
    0x08001a6c   0x08001a6c   0x00000068   Code   RO          284    .text.HAL_PCD_EP_Open  stm32l4xx_hal_pcd.o
    0x08001ad4   0x08001ad4   0x00000032   Code   RO          288    .text.HAL_PCD_EP_Receive  stm32l4xx_hal_pcd.o
    0x08001b06   0x08001b06   0x00000002   PAD
    0x08001b08   0x08001b08   0x0000007a   Code   RO          294    .text.HAL_PCD_EP_SetStall  stm32l4xx_hal_pcd.o
    0x08001b82   0x08001b82   0x00000002   PAD
    0x08001b84   0x08001b84   0x00000036   Code   RO          292    .text.HAL_PCD_EP_Transmit  stm32l4xx_hal_pcd.o
    0x08001bba   0x08001bba   0x00000002   PAD
    0x08001bbc   0x08001bbc   0x00000996   Code   RO          254    .text.HAL_PCD_IRQHandler  stm32l4xx_hal_pcd.o
    0x08002552   0x08002552   0x00000002   PAD
    0x08002554   0x08002554   0x0000010e   Code   RO          242    .text.HAL_PCD_Init  stm32l4xx_hal_pcd.o
    0x08002662   0x08002662   0x00000002   PAD
    0x08002664   0x08002664   0x00000088   Code   RO          170    .text.HAL_PCD_MspInit  usbd_conf.o
    0x080026ec   0x080026ec   0x00000024   Code   RO          182    .text.HAL_PCD_ResetCallback  usbd_conf.o
    0x08002710   0x08002710   0x00000028   Code   RO          186    .text.HAL_PCD_ResumeCallback  usbd_conf.o
    0x08002738   0x08002738   0x00000008   Code   RO          180    .text.HAL_PCD_SOFCallback  usbd_conf.o
    0x08002740   0x08002740   0x00000028   Code   RO          258    .text.HAL_PCD_SetAddress  stm32l4xx_hal_pcd.o
    0x08002768   0x08002768   0x0000000e   Code   RO          174    .text.HAL_PCD_SetupStageCallback  usbd_conf.o
    0x08002776   0x08002776   0x00000002   PAD
    0x08002778   0x08002778   0x0000002a   Code   RO          250    .text.HAL_PCD_Start  stm32l4xx_hal_pcd.o
    0x080027a2   0x080027a2   0x00000002   PAD
    0x080027a4   0x080027a4   0x00000026   Code   RO          184    .text.HAL_PCD_SuspendCallback  usbd_conf.o
    0x080027ca   0x080027ca   0x00000002   PAD
    0x080027cc   0x080027cc   0x0000008c   Code   RO          905    .text.HAL_PWREx_ControlVoltageScaling  stm32l4xx_hal_pwr_ex.o
    0x08002858   0x08002858   0x00000012   Code   RO          911    .text.HAL_PWREx_EnableVddUSB  stm32l4xx_hal_pwr_ex.o
    0x0800286a   0x0800286a   0x00000002   PAD
    0x0800286c   0x0800286c   0x00000010   Code   RO          903    .text.HAL_PWREx_GetVoltageRange  stm32l4xx_hal_pwr_ex.o
    0x0800287c   0x0800287c   0x00000284   Code   RO          682    .text.HAL_RCCEx_PeriphCLKConfig  stm32l4xx_hal_rcc_ex.o
    0x08002b00   0x08002b00   0x0000027a   Code   RO          652    .text.HAL_RCC_ClockConfig  stm32l4xx_hal_rcc.o
    0x08002d7a   0x08002d7a   0x00000002   PAD
    0x08002d7c   0x08002d7c   0x000007d0   Code   RO          648    .text.HAL_RCC_OscConfig  stm32l4xx_hal_rcc.o
    0x0800354c   0x0800354c   0x000000dc   Code   RO         1051    .text.HAL_SPI_Init  stm32l4xx_hal_spi.o
    0x08003628   0x08003628   0x00000066   Code   RO           60    .text.HAL_SPI_MspInit  spi.o
    0x0800368e   0x0800368e   0x00000002   PAD
    0x08003690   0x08003690   0x0000023c   Code   RO         1061    .text.HAL_SPI_Receive  stm32l4xx_hal_spi.o
    0x080038cc   0x080038cc   0x00000244   Code   RO         1059    .text.HAL_SPI_Transmit  stm32l4xx_hal_spi.o
    0x08003b10   0x08003b10   0x000002e4   Code   RO         1063    .text.HAL_SPI_TransmitReceive  stm32l4xx_hal_spi.o
    0x08003df4   0x08003df4   0x0000002c   Code   RO          991    .text.HAL_SYSTICK_Config  stm32l4xx_hal_cortex.o
    0x08003e20   0x08003e20   0x00000002   Code   RO           75    .text.HardFault_Handler  stm32l4xx_it.o
    0x08003e22   0x08003e22   0x00000002   PAD
    0x08003e24   0x08003e24   0x00000062   Code   RO         1334    .text.MPU6500_Init  mpu6500.o
    0x08003e86   0x08003e86   0x00000002   PAD
    0x08003e88   0x08003e88   0x0000014c   Code   RO         1338    .text.MPU6500_get_buffer  mpu6500.o
    0x08003fd4   0x08003fd4   0x0000009a   Code   RO           49    .text.MX_GPIO_Init  gpio.o
    0x0800406e   0x0800406e   0x00000002   PAD
    0x08004070   0x08004070   0x00000052   Code   RO           58    .text.MX_SPI1_Init  spi.o
    0x080040c2   0x080040c2   0x00000002   PAD
    0x080040c4   0x080040c4   0x00000072   Code   RO          108    .text.MX_USB_DEVICE_Init  usb_device.o
    0x08004136   0x08004136   0x00000002   PAD
    0x08004138   0x08004138   0x00000002   Code   RO           77    .text.MemManage_Handler  stm32l4xx_it.o
    0x0800413a   0x0800413a   0x00000002   PAD
    0x0800413c   0x0800413c   0x00000002   Code   RO           73    .text.NMI_Handler   stm32l4xx_it.o
    0x0800413e   0x0800413e   0x00000002   PAD
    0x08004140   0x08004140   0x00000002   Code   RO           87    .text.PendSV_Handler  stm32l4xx_it.o
    0x08004142   0x08004142   0x00000002   PAD
    0x08004144   0x08004144   0x0000016a   Code   RO          684    .text.RCCEx_PLLSAI1_Config  stm32l4xx_hal_rcc_ex.o
    0x080042ae   0x080042ae   0x00000002   PAD
    0x080042b0   0x080042b0   0x00000186   Code   RO         1113    .text.SPI_WaitFifoStateUntilTimeout  stm32l4xx_hal_spi.o
    0x08004436   0x08004436   0x00000002   PAD
    0x08004438   0x08004438   0x000000ce   Code   RO         1115    .text.SPI_WaitFlagStateUntilTimeout  stm32l4xx_hal_spi.o
    0x08004506   0x08004506   0x00000002   PAD
    0x08004508   0x08004508   0x00000002   Code   RO           83    .text.SVC_Handler   stm32l4xx_it.o
    0x0800450a   0x0800450a   0x00000002   PAD
    0x0800450c   0x0800450c   0x00000004   Code   RO           89    .text.SysTick_Handler  stm32l4xx_it.o
    0x08004510   0x08004510   0x00000078   Code   RO           35    .text.SystemClock_Config  main.o
    0x08004588   0x08004588   0x00000012   Code   RO         1178    .text.SystemInit    system_stm32l4xx.o
    0x0800459a   0x0800459a   0x00000002   PAD
    0x0800459c   0x0800459c   0x0000006e   Code   RO         1293    .text.USBD_CDC_DataIn  usbd_cdc.o
    0x0800460a   0x0800460a   0x00000002   PAD
    0x0800460c   0x0800460c   0x0000002c   Code   RO         1295    .text.USBD_CDC_DataOut  usbd_cdc.o
    0x08004638   0x08004638   0x00000042   Code   RO         1287    .text.USBD_CDC_DeInit  usbd_cdc.o
    0x0800467a   0x0800467a   0x00000002   PAD
    0x0800467c   0x0800467c   0x00000034   Code   RO         1291    .text.USBD_CDC_EP0_RxReady  usbd_cdc.o
    0x080046b0   0x080046b0   0x00000010   Code   RO         1303    .text.USBD_CDC_GetDeviceQualifierDescriptor  usbd_cdc.o
    0x080046c0   0x080046c0   0x00000010   Code   RO         1299    .text.USBD_CDC_GetFSCfgDesc  usbd_cdc.o
    0x080046d0   0x080046d0   0x00000010   Code   RO         1297    .text.USBD_CDC_GetHSCfgDesc  usbd_cdc.o
    0x080046e0   0x080046e0   0x00000010   Code   RO         1301    .text.USBD_CDC_GetOtherSpeedCfgDesc  usbd_cdc.o
    0x080046f0   0x080046f0   0x00000098   Code   RO         1285    .text.USBD_CDC_Init  usbd_cdc.o
    0x08004788   0x08004788   0x0000002c   Code   RO         1313    .text.USBD_CDC_ReceivePacket  usbd_cdc.o
    0x080047b4   0x080047b4   0x0000000e   Code   RO         1305    .text.USBD_CDC_RegisterInterface  usbd_cdc.o
    0x080047c2   0x080047c2   0x00000002   PAD
    0x080047c4   0x080047c4   0x00000012   Code   RO         1309    .text.USBD_CDC_SetRxBuffer  usbd_cdc.o
    0x080047d6   0x080047d6   0x00000002   PAD
    0x080047d8   0x080047d8   0x00000016   Code   RO         1307    .text.USBD_CDC_SetTxBuffer  usbd_cdc.o
    0x080047ee   0x080047ee   0x00000002   PAD
    0x080047f0   0x080047f0   0x000000f0   Code   RO         1289    .text.USBD_CDC_Setup  usbd_cdc.o
    0x080048e0   0x080048e0   0x00000036   Code   RO         1311    .text.USBD_CDC_TransmitPacket  usbd_cdc.o
    0x08004916   0x08004916   0x00000002   PAD
    0x08004918   0x08004918   0x00000010   Code   RO         1208    .text.USBD_ClrClassConfig  usbd_core.o
    0x08004928   0x08004928   0x00000010   Code   RO         1269    .text.USBD_CtlContinueRx  usbd_ioreq.o
    0x08004938   0x08004938   0x00000010   Code   RO         1265    .text.USBD_CtlContinueSendData  usbd_ioreq.o
    0x08004948   0x08004948   0x00000016   Code   RO         1244    .text.USBD_CtlError  usbd_ctlreq.o
    0x0800495e   0x0800495e   0x00000002   PAD
    0x08004960   0x08004960   0x0000001a   Code   RO         1267    .text.USBD_CtlPrepareRx  usbd_ioreq.o
    0x0800497a   0x0800497a   0x00000002   PAD
    0x0800497c   0x0800497c   0x00000016   Code   RO         1273    .text.USBD_CtlReceiveStatus  usbd_ioreq.o
    0x08004992   0x08004992   0x00000002   PAD
    0x08004994   0x08004994   0x0000001a   Code   RO         1263    .text.USBD_CtlSendData  usbd_ioreq.o
    0x080049ae   0x080049ae   0x00000002   PAD
    0x080049b0   0x080049b0   0x00000016   Code   RO         1271    .text.USBD_CtlSendStatus  usbd_ioreq.o
    0x080049c6   0x080049c6   0x00000002   PAD
    0x080049c8   0x080049c8   0x00000024   Code   RO          127    .text.USBD_FS_ConfigStrDescriptor  usbd_desc.o
    0x080049ec   0x080049ec   0x0000000e   Code   RO          117    .text.USBD_FS_DeviceDescriptor  usbd_desc.o
    0x080049fa   0x080049fa   0x00000002   PAD
    0x080049fc   0x080049fc   0x00000028   Code   RO          129    .text.USBD_FS_InterfaceStrDescriptor  usbd_desc.o
    0x08004a24   0x08004a24   0x0000000e   Code   RO          119    .text.USBD_FS_LangIDStrDescriptor  usbd_desc.o
    0x08004a32   0x08004a32   0x00000002   PAD
    0x08004a34   0x08004a34   0x0000002c   Code   RO          121    .text.USBD_FS_ManufacturerStrDescriptor  usbd_desc.o
    0x08004a60   0x08004a60   0x00000030   Code   RO          123    .text.USBD_FS_ProductStrDescriptor  usbd_desc.o
    0x08004a90   0x08004a90   0x0000016c   Code   RO          125    .text.USBD_FS_SerialStrDescriptor  usbd_desc.o
    0x08004bfc   0x08004bfc   0x0000000e   Code   RO          131    .text.USBD_FS_USR_BOSDescriptor  usbd_desc.o
    0x08004c0a   0x08004c0a   0x00000002   PAD
    0x08004c0c   0x08004c0c   0x000000da   Code   RO         1252    .text.USBD_GetString  usbd_ctlreq.o
    0x08004ce6   0x08004ce6   0x00000002   PAD
    0x08004ce8   0x08004ce8   0x0000002a   Code   RO         1194    .text.USBD_Init     usbd_core.o
    0x08004d12   0x08004d12   0x00000002   PAD
    0x08004d14   0x08004d14   0x00000022   Code   RO          212    .text.USBD_LL_ClearStallEP  usbd_conf.o
    0x08004d36   0x08004d36   0x00000002   PAD
    0x08004d38   0x08004d38   0x00000022   Code   RO          206    .text.USBD_LL_CloseEP  usbd_conf.o
    0x08004d5a   0x08004d5a   0x00000002   PAD
    0x08004d5c   0x08004d5c   0x000000a8   Code   RO         1214    .text.USBD_LL_DataInStage  usbd_core.o
    0x08004e04   0x08004e04   0x0000006e   Code   RO         1212    .text.USBD_LL_DataOutStage  usbd_core.o
    0x08004e72   0x08004e72   0x00000002   PAD
    0x08004e74   0x08004e74   0x00000008   Code   RO          222    .text.USBD_LL_GetRxDataSize  usbd_conf.o
    0x08004e7c   0x08004e7c   0x0000008e   Code   RO          196    .text.USBD_LL_Init  usbd_conf.o
    0x08004f0a   0x08004f0a   0x00000002   PAD
    0x08004f0c   0x08004f0c   0x00000022   Code   RO          214    .text.USBD_LL_IsStallEP  usbd_conf.o
    0x08004f2e   0x08004f2e   0x00000002   PAD
    0x08004f30   0x08004f30   0x00000028   Code   RO          204    .text.USBD_LL_OpenEP  usbd_conf.o
    0x08004f58   0x08004f58   0x00000022   Code   RO          220    .text.USBD_LL_PrepareReceive  usbd_conf.o
    0x08004f7a   0x08004f7a   0x00000002   PAD
    0x08004f7c   0x08004f7c   0x00000068   Code   RO         1216    .text.USBD_LL_Reset  usbd_core.o
    0x08004fe4   0x08004fe4   0x00000014   Code   RO         1222    .text.USBD_LL_Resume  usbd_core.o
    0x08004ff8   0x08004ff8   0x00000020   Code   RO         1224    .text.USBD_LL_SOF   usbd_core.o
    0x08005018   0x08005018   0x00000008   Code   RO         1218    .text.USBD_LL_SetSpeed  usbd_core.o
    0x08005020   0x08005020   0x00000022   Code   RO          216    .text.USBD_LL_SetUSBAddress  usbd_conf.o
    0x08005042   0x08005042   0x00000002   PAD
    0x08005044   0x08005044   0x00000062   Code   RO         1210    .text.USBD_LL_SetupStage  usbd_core.o
    0x080050a6   0x080050a6   0x00000002   PAD
    0x080050a8   0x080050a8   0x00000022   Code   RO          210    .text.USBD_LL_StallEP  usbd_conf.o
    0x080050ca   0x080050ca   0x00000002   PAD
    0x080050cc   0x080050cc   0x00000022   Code   RO          200    .text.USBD_LL_Start  usbd_conf.o
    0x080050ee   0x080050ee   0x00000002   PAD
    0x080050f0   0x080050f0   0x00000014   Code   RO         1220    .text.USBD_LL_Suspend  usbd_core.o
    0x08005104   0x08005104   0x00000022   Code   RO          218    .text.USBD_LL_Transmit  usbd_conf.o
    0x08005126   0x08005126   0x00000002   PAD
    0x08005128   0x08005128   0x00000016   Code   RO         1250    .text.USBD_ParseSetupRequest  usbd_ctlreq.o
    0x0800513e   0x0800513e   0x00000002   PAD
    0x08005140   0x08005140   0x0000002e   Code   RO         1198    .text.USBD_RegisterClass  usbd_core.o
    0x0800516e   0x0800516e   0x00000002   PAD
    0x08005170   0x08005170   0x00000010   Code   RO         1206    .text.USBD_SetClassConfig  usbd_core.o
    0x08005180   0x08005180   0x00000004   Code   RO         1200    .text.USBD_Start    usbd_core.o
    0x08005184   0x08005184   0x00000374   Code   RO         1242    .text.USBD_StdDevReq  usbd_ctlreq.o
    0x080054f8   0x080054f8   0x00000146   Code   RO         1248    .text.USBD_StdEPReq  usbd_ctlreq.o
    0x0800563e   0x0800563e   0x00000002   PAD
    0x08005640   0x08005640   0x0000007a   Code   RO         1246    .text.USBD_StdItfReq  usbd_ctlreq.o
    0x080056ba   0x080056ba   0x00000002   PAD
    0x080056bc   0x080056bc   0x00000002   Code   RO          230    .text.USBD_static_free  usbd_conf.o
    0x080056be   0x080056be   0x00000002   PAD
    0x080056c0   0x080056c0   0x0000000a   Code   RO          228    .text.USBD_static_malloc  usbd_conf.o
    0x080056ca   0x080056ca   0x00000002   PAD
    0x080056cc   0x080056cc   0x0000024e   Code   RO          354    .text.USB_ActivateEndpoint  stm32l4xx_ll_usb.o
    0x0800591a   0x0800591a   0x00000002   PAD
    0x0800591c   0x0800591c   0x00000004   Code   RO          340    .text.USB_CoreInit  stm32l4xx_ll_usb.o
    0x08005920   0x08005920   0x000000e2   Code   RO          356    .text.USB_DeactivateEndpoint  stm32l4xx_ll_usb.o
    0x08005a02   0x08005a02   0x00000002   PAD
    0x08005a04   0x08005a04   0x00000012   Code   RO          372    .text.USB_DevConnect  stm32l4xx_ll_usb.o
    0x08005a16   0x08005a16   0x00000002   PAD
    0x08005a18   0x08005a18   0x00000012   Code   RO          374    .text.USB_DevDisconnect  stm32l4xx_ll_usb.o
    0x08005a2a   0x08005a2a   0x00000002   PAD
    0x08005a2c   0x08005a2c   0x0000001a   Code   RO          348    .text.USB_DevInit   stm32l4xx_ll_usb.o
    0x08005a46   0x08005a46   0x00000002   PAD
    0x08005a48   0x08005a48   0x00000014   Code   RO          344    .text.USB_DisableGlobalInt  stm32l4xx_ll_usb.o
    0x08005a5c   0x08005a5c   0x00000004   Code   RO          388    .text.USB_EP0_OutStart  stm32l4xx_ll_usb.o
    0x08005a60   0x08005a60   0x0000007c   Code   RO          364    .text.USB_EPClearStall  stm32l4xx_ll_usb.o
    0x08005adc   0x08005adc   0x00000032   Code   RO          362    .text.USB_EPSetStall  stm32l4xx_ll_usb.o
    0x08005b0e   0x08005b0e   0x00000002   PAD
    0x08005b10   0x08005b10   0x00000840   Code   RO          358    .text.USB_EPStartXfer  stm32l4xx_ll_usb.o
    0x08006350   0x08006350   0x00000014   Code   RO          342    .text.USB_EnableGlobalInt  stm32l4xx_ll_usb.o
    0x08006364   0x08006364   0x0000000c   Code   RO           91    .text.USB_IRQHandler  stm32l4xx_it.o
    0x08006370   0x08006370   0x00000006   Code   RO          376    .text.USB_ReadInterrupts  stm32l4xx_ll_usb.o
    0x08006376   0x08006376   0x00000002   PAD
    0x08006378   0x08006378   0x0000009c   Code   RO          394    .text.USB_ReadPMA   stm32l4xx_ll_usb.o
    0x08006414   0x08006414   0x00000004   Code   RO          346    .text.USB_SetCurrentMode  stm32l4xx_ll_usb.o
    0x08006418   0x08006418   0x0000000e   Code   RO          370    .text.USB_SetDevAddress  stm32l4xx_ll_usb.o
    0x08006426   0x08006426   0x00000002   PAD
    0x08006428   0x08006428   0x00000082   Code   RO          360    .text.USB_WritePMA  stm32l4xx_ll_usb.o
    0x080064aa   0x080064aa   0x00000002   PAD
    0x080064ac   0x080064ac   0x00000002   Code   RO           81    .text.UsageFault_Handler  stm32l4xx_it.o
    0x080064ae   0x080064ae   0x00000002   PAD
    0x080064b0   0x080064b0   0x00000002   Code   RO           13    .text.hal_spi_init  main.o
    0x080064b2   0x080064b2   0x00000002   PAD
    0x080064b4   0x080064b4   0x00000052   Code   RO           15    .text.hal_spi_read  main.o
    0x08006506   0x08006506   0x00000002   PAD
    0x08006508   0x08006508   0x0000004e   Code   RO           17    .text.hal_spi_write  main.o
    0x08006556   0x08006556   0x00000002   PAD
    0x08006558   0x08006558   0x000001f0   Code   RO           33    .text.main          main.o
    0x08006748   0x08006748   0x00000004   Code   RO           11    .text.mpu6500_delay_ms  main.o
    0x0800674c   0x0800674c   0x0000003e   Code   RO           27    .text.usb_printf    main.o
    0x0800678a   0x0800678a   0x0000003e   Code   RO         1526    CL$$btod_d2e        c_w.l(btod.o)
    0x080067c8   0x080067c8   0x00000046   Code   RO         1528    CL$$btod_d2e_denorm_low  c_w.l(btod.o)
    0x0800680e   0x0800680e   0x00000060   Code   RO         1527    CL$$btod_d2e_norm_op1  c_w.l(btod.o)
    0x0800686e   0x0800686e   0x00000002   PAD
    0x08006870   0x08006870   0x00000338   Code   RO         1536    CL$$btod_div_common  c_w.l(btod.o)
    0x08006ba8   0x08006ba8   0x000000dc   Code   RO         1533    CL$$btod_e2e        c_w.l(btod.o)
    0x08006c84   0x08006c84   0x0000002a   Code   RO         1530    CL$$btod_ediv       c_w.l(btod.o)
    0x08006cae   0x08006cae   0x0000002a   Code   RO         1529    CL$$btod_emul       c_w.l(btod.o)
    0x08006cd8   0x08006cd8   0x00000244   Code   RO         1535    CL$$btod_mult_common  c_w.l(btod.o)
    0x08006f1c   0x08006f1c   0x00000030   Code   RO         1563    i.__ARM_fpclassify  m_wm.l(fpclassify.o)
    0x08006f4c   0x08006f4c   0x0000000e   Code   RO         1421    i._is_digit         c_w.l(__printf_wp.o)
    0x08006f5a   0x08006f5a   0x00000002   PAD
    0x08006f5c   0x08006f5c   0x0000002c   Code   RO         1551    locale$$code        c_w.l(lc_numeric_c.o)
    0x08006f88   0x08006f88   0x0000002c   Code   RO         1573    locale$$code        c_w.l(lc_ctype_c.o)
    0x08006fb4   0x08006fb4   0x00000018   Code   RO         1508    x$fpl$dcmpinf       fz_wm.l(dcmpi.o)
    0x08006fcc   0x08006fcc   0x00000078   Code   RO         1454    x$fpl$deqf          fz_wm.l(deqf.o)
    0x08007044   0x08007044   0x00000078   Code   RO         1456    x$fpl$dgeqf         fz_wm.l(dgeqf.o)
    0x080070bc   0x080070bc   0x00000078   Code   RO         1458    x$fpl$dleqf         fz_wm.l(dleqf.o)
    0x08007134   0x08007134   0x0000009c   Code   RO         1510    x$fpl$dnaninf       fz_wm.l(dnaninf.o)
    0x080071d0   0x080071d0   0x0000000c   Code   RO         1460    x$fpl$dretinf       fz_wm.l(dretinf.o)
    0x080071dc   0x080071dc   0x00000056   Code   RO         1360    x$fpl$f2d           fz_wm.l(f2d.o)
    0x08007232   0x08007232   0x00000054   Code   RO         1358    x$fpl$fcmp          fz_wm.l(dcmp.o)
    0x08007286   0x08007286   0x0000008c   Code   RO         1462    x$fpl$fnaninf       fz_wm.l(fnaninf.o)
    0x08007312   0x08007312   0x0000001a   Code   RO         1635    x$fpl$fpinit        fz_wm.l(fpinit.o)
    0x0800732c   0x0800732c   0x00000004   Code   RO         1464    x$fpl$printf1       fz_wm.l(printf1.o)
    0x08007330   0x08007330   0x00000004   Code   RO         1466    x$fpl$printf2       fz_wm.l(printf2.o)
    0x08007334   0x08007334   0x00000000   Code   RO         1472    x$fpl$usenofp       fz_wm.l(usenofp.o)
    0x08007334   0x08007334   0x00000008   Data   RO         1380    .constdata          c_w.l(_printf_wctomb.o)
    0x0800733c   0x0800733c   0x00000028   Data   RO         1409    .constdata          c_w.l(_printf_hex_int_ll_ptr.o)
    0x08007364   0x08007364   0x00000011   Data   RO         1429    .constdata          c_w.l(__printf_flags_ss_wp.o)
    0x08007375   0x08007375   0x00000026   Data   RO         1497    .constdata          c_w.l(_printf_fp_hex.o)
    0x0800739b   0x0800739b   0x00000001   PAD
    0x0800739c   0x0800739c   0x00000094   Data   RO         1524    .constdata          c_w.l(bigflt0.o)
    0x08007430   0x08007430   0x00000010   Data   RO         1183    .rodata.AHBPrescTable  system_stm32l4xx.o
    0x08007440   0x08007440   0x00000030   Data   RO         1185    .rodata.MSIRangeTable  system_stm32l4xx.o
    0x08007470   0x08007470   0x00000020   Data   RO         1710    Region$$Table       anon$$obj.o
    0x08007490   0x08007490   0x0000001c   Data   RO         1550    locale$$data        c_w.l(lc_numeric_c.o)
    0x080074ac   0x080074ac   0x00000110   Data   RO         1572    locale$$data        c_w.l(lc_ctype_c.o)


    Execution Region RW_IRAM2 (Exec base: 0x10000000, Load base: 0x08007690, Size: 0x00000000, Max: 0x00004000, ABSOLUTE)

    **** No section assigned to this execution region ****


    Execution Region RW_IRAM1 (Exec base: 0x20000000, Load base: 0x080075c0, Size: 0x00002068, Max: 0x0000c000, ABSOLUTE, COMPRESSED[0x000000d0])

    Exec Addr    Load Addr    Size         Type   Attr      Idx    E Section Name        Object

    0x20000000   COMPRESSED   0x00000008   Data   RW          465    .data..L_MergedGlobals  stm32l4xx_hal.o
    0x20000008   COMPRESSED   0x00000020   Data   RW          133    .data.FS_Desc       usbd_desc.o
    0x20000028   COMPRESSED   0x00000004   Data   RW         1182    .data.SystemCoreClock  system_stm32l4xx.o
    0x2000002c   COMPRESSED   0x00000038   Data   RW         1315    .data.USBD_CDC      usbd_cdc.o
    0x20000064   COMPRESSED   0x00000043   Data   RW         1317    .data.USBD_CDC_CfgFSDesc  usbd_cdc.o
    0x200000a7   COMPRESSED   0x00000001   PAD
    0x200000a8   COMPRESSED   0x00000043   Data   RW         1318    .data.USBD_CDC_CfgHSDesc  usbd_cdc.o
    0x200000eb   COMPRESSED   0x00000001   PAD
    0x200000ec   COMPRESSED   0x0000000a   Data   RW         1316    .data.USBD_CDC_DeviceQualifierDesc  usbd_cdc.o
    0x200000f6   COMPRESSED   0x00000002   PAD
    0x200000f8   COMPRESSED   0x00000043   Data   RW         1319    .data.USBD_CDC_OtherSpeedCfgDesc  usbd_cdc.o
    0x2000013b   COMPRESSED   0x00000001   PAD
    0x2000013c   COMPRESSED   0x0000000c   Data   RW          135    .data.USBD_FS_BOSDesc  usbd_desc.o
    0x20000148   COMPRESSED   0x00000012   Data   RW          134    .data.USBD_FS_DeviceDesc  usbd_desc.o
    0x2000015a   COMPRESSED   0x00000002   PAD
    0x2000015c   COMPRESSED   0x00000014   Data   RW          159    .data.USBD_Interface_fops_FS  usbd_cdc_if.o
    0x20000170   COMPRESSED   0x00000004   Data   RW          136    .data.USBD_LangIDDesc  usbd_desc.o
    0x20000174   COMPRESSED   0x0000001a   Data   RW          137    .data.USBD_StringSerial  usbd_desc.o
    0x2000018e   COMPRESSED   0x00000002   PAD
    0x20000190        -       0x00000060   Zero   RW         1566    .bss                c_w.l(libspace.o)
    0x200001f0        -       0x00000008   Zero   RW           40    .bss..L_MergedGlobals  main.o
    0x200001f8        -       0x00000018   Zero   RW         1340    .bss..L_MergedGlobals  mpu6500.o
    0x20000210        -       0x00000001   Zero   RW         1254    .bss.USBD_SetConfig.cfgidx  usbd_ctlreq.o
    0x20000211   COMPRESSED   0x00000003   PAD
    0x20000214        -       0x00000200   Zero   RW          138    .bss.USBD_StrDesc   usbd_desc.o
    0x20000414        -       0x00000220   Zero   RW          233    .bss.USBD_static_malloc.mem  usbd_conf.o
    0x20000634        -       0x00000400   Zero   RW          160    .bss.UserRxBufferFS  usbd_cdc_if.o
    0x20000a34        -       0x00000400   Zero   RW          161    .bss.UserTxBufferFS  usbd_cdc_if.o
    0x20000e34        -       0x000002d0   Zero   RW          110    .bss.hUsbDeviceFS   usb_device.o
    0x20001104        -       0x000002fc   Zero   RW          232    .bss.hpcd_USB_FS    usbd_conf.o
    0x20001400        -       0x00000064   Zero   RW           64    .bss.hspi1          spi.o
    0x20001464        -       0x00000004   Zero   RW          464    .bss.uwTick         stm32l4xx_hal.o
    0x20001468        -       0x00000400   Zero   RW            2    HEAP                startup_stm32l432xx.o
    0x20001868        -       0x00000800   Zero   RW            1    STACK               startup_stm32l432xx.o


==============================================================================

Image component sizes


      Code (inc. data)   RO Data    RW Data    ZI Data      Debug   Object Name

       154          0          0          0          0       2315   gpio.o
       854         72          0          0          8       6629   main.o
       430          8          0          0         24       3387   mpu6500.o
       184          0          0          0        100       5067   spi.o
        64         26        396          0       3072        824   startup_stm32l432xx.o
       184          0          0          8          4       7558   stm32l4xx_hal.o
       200          0          0          0          0      10097   stm32l4xx_hal_cortex.o
       448          0          0          0          0       5302   stm32l4xx_hal_gpio.o
        50          0          0          0          0       1568   stm32l4xx_hal_msp.o
      3334          0          0          0          0      16168   stm32l4xx_hal_pcd.o
       100          0          0          0          0       5596   stm32l4xx_hal_pcd_ex.o
       174          0          0          0          0       8805   stm32l4xx_hal_pwr_ex.o
      2634          0          0          0          0      11993   stm32l4xx_hal_rcc.o
      1006          0          0          0          0      13662   stm32l4xx_hal_rcc_ex.o
      2708          0          0          0          0      26330   stm32l4xx_hal_spi.o
        32          0          0          0          0       3953   stm32l4xx_it.o
      3522          4          0          0          0      22291   stm32l4xx_ll_usb.o
        18          0         64          4          0       2952   system_stm32l4xx.o
       114          0          0          0        720       3086   usb_device.o
       880         12          0        267          0      10703   usbd_cdc.o
       138          0          0         20       2048       4788   usbd_cdc_if.o
       870          0          0          0       1308      17654   usbd_conf.o
       684          0          0          0          0       8423   usbd_core.o
      1594         44          0          0          1       9998   usbd_ctlreq.o
       574         72          0         92        512       4420   usbd_desc.o
       128          0          0          0          0       4600   usbd_ioreq.o

    ----------------------------------------------------------------------
     21246        238        492        400       7800     218169   Object Totals
         0          0         32          0          0          0   (incl. Generated)
       168          0          0          9          3          0   (incl. Padding)

    ----------------------------------------------------------------------

      Code (inc. data)   RO Data    RW Data    ZI Data      Debug   Library Member Name

        90          0          0          0          0          0   __dczerorl2.o
         8          0          0          0          0         68   __main.o
       398          4         17          0          0         92   __printf_flags_ss_wp.o
        14          0          0          0          0         68   __printf_wp.o
         0          0          0          0          0          0   __rtentry.o
        12          0          0          0          0          0   __rtentry2.o
         6          0          0          0          0          0   __rtentry4.o
        52          8          0          0          0          0   __scatter.o
        28          0          0          0          0          0   __scatter_zi.o
        72          0          0          0          0         96   _c16rtomb.o
         6          0          0          0          0          0   _printf_a.o
         6          0          0          0          0          0   _printf_c.o
        44          0          0          0          0        108   _printf_char.o
        48          6          0          0          0         96   _printf_char_common.o
        40          0          0          0          0         68   _printf_charcount.o
         6          0          0          0          0          0   _printf_d.o
       120         16          0          0          0         92   _printf_dec.o
         6          0          0          0          0          0   _printf_e.o
         6          0          0          0          0          0   _printf_f.o
      1058          0          0          0          0        148   _printf_fp_dec.o
       770          8         38          0          0        100   _printf_fp_hex.o
       128         16          0          0          0         84   _printf_fp_infnan.o
         6          0          0          0          0          0   _printf_g.o
       148          4         40          0          0        160   _printf_hex_int_ll_ptr.o
         6          0          0          0          0          0   _printf_i.o
       178          0          0          0          0         88   _printf_intcommon.o
        10          0          0          0          0          0   _printf_l.o
         6          0          0          0          0          0   _printf_lc.o
        10          0          0          0          0          0   _printf_ll.o
         6          0          0          0          0          0   _printf_lld.o
         6          0          0          0          0          0   _printf_lli.o
         6          0          0          0          0          0   _printf_llo.o
         6          0          0          0          0          0   _printf_llu.o
         6          0          0          0          0          0   _printf_llx.o
       124         16          0          0          0         92   _printf_longlong_dec.o
         6          0          0          0          0          0   _printf_ls.o
         6          0          0          0          0          0   _printf_n.o
         6          0          0          0          0          0   _printf_o.o
       112          8          0          0          0        124   _printf_oct_int_ll.o
         6          0          0          0          0          0   _printf_p.o
        78          0          0          0          0        108   _printf_pad.o
         0          0          0          0          0          0   _printf_percent.o
         4          0          0          0          0          0   _printf_percent_end.o
         6          0          0          0          0          0   _printf_s.o
        82          0          0          0          0         80   _printf_str.o
        36          0          0          0          0         84   _printf_truncate.o
         6          0          0          0          0          0   _printf_u.o
        44          0          0          0          0        108   _printf_wchar.o
       194          6          8          0          0         92   _printf_wctomb.o
         6          0          0          0          0          0   _printf_x.o
        16          0          0          0          0         68   _snputc.o
       228          4        148          0          0         96   bigflt0.o
      1936        128          0          0          0        668   btod.o
        18          0          0          0          0         80   exit.o
         6          0          0          0          0        152   heapauxi.o
         0          0          0          0          0          0   indicate_semi.o
        44         10        272          0          0         76   lc_ctype_c.o
        44         10         28          0          0         76   lc_numeric_c.o
         2          0          0          0          0          0   libinit.o
        34          0          0          0          0          0   libinit2.o
         2          0          0          0          0          0   libshutdown.o
         2          0          0          0          0          0   libshutdown2.o
         8          4          0          0         96         68   libspace.o
       138          0          0          0          0         80   lludiv10.o
        16          4          0          0          0         76   rt_ctype_table.o
         8          4          0          0          0         68   rt_locale_intlibspace.o
        78          0          0          0          0         80   rt_memclr_w.o
         2          0          0          0          0          0   rtexit.o
        10          0          0          0          0          0   rtexit2.o
       124          0          0          0          0         88   strcmpv7em.o
        12          4          0          0          0         68   sys_exit.o
        74          0          0          0          0         80   sys_stackheap_outer.o
         2          0          0          0          0         68   use_no_semi.o
        60          4          0          0          0         80   vsnprintf.o
        84          0          0          0          0        244   dcmp.o
        24          0          0          0          0        116   dcmpi.o
       120          4          0          0          0        140   deqf.o
       120          4          0          0          0        140   dgeqf.o
       120          4          0          0          0        140   dleqf.o
       156          4          0          0          0        140   dnaninf.o
        12          0          0          0          0        116   dretinf.o
        86          4          0          0          0        132   f2d.o
       140          4          0          0          0        132   fnaninf.o
        26          0          0          0          0        116   fpinit.o
         4          0          0          0          0        116   printf1.o
         4          0          0          0          0        116   printf2.o
         0          0          0          0          0          0   usenofp.o
        48          0          0          0          0        124   fpclassify.o

    ----------------------------------------------------------------------
      7850        288        552          0         96       5700   Library Totals
        14          0          1          0          0          0   (incl. Padding)

    ----------------------------------------------------------------------

      Code (inc. data)   RO Data    RW Data    ZI Data      Debug   Library Name

      6892        264        551          0         96       3928   c_w.l
       896         24          0          0          0       1648   fz_wm.l
        48          0          0          0          0        124   m_wm.l

    ----------------------------------------------------------------------
      7850        288        552          0         96       5700   Library Totals

    ----------------------------------------------------------------------

==============================================================================


      Code (inc. data)   RO Data    RW Data    ZI Data      Debug   

     29096        526       1044        400       7896     220209   Grand Totals
     29096        526       1044        208       7896     220209   ELF Image Totals (compressed)
     29096        526       1044        208          0          0   ROM Totals

==============================================================================

    Total RO  Size (Code + RO Data)                30140 (  29.43kB)
    Total RW  Size (RW Data + ZI Data)              8296 (   8.10kB)
    Total ROM Size (Code + RO Data + RW Data)      30348 (  29.64kB)

==============================================================================

