<html>
<body>
<pre>
<h1>µVision Build Log</h1>
<h2>Tool Versions:</h2>
IDE-Version: ¦ÌVision V5.38.0.0
Copyright (C) 2022 ARM Ltd and ARM Germany GmbH. All rights reserved.
License Information: zz 1, 1, LIC=TIVNB-2QR4W-UHK8H-WR7IC-ULX2W-XRC26
 
Tool Versions:
Toolchain:       MDK-ARM Plus  Version: 5.38.0.0
Toolchain Path:  D:\Program\Keil_v5\ARM\ARMCLANG\Bin
C Compiler:      ArmClang.exe V6.19
Assembler:       Armasm.exe V6.19
Linker/Locator:  ArmLink.exe V6.19
Library Manager: ArmAr.exe V6.19
Hex Converter:   FromElf.exe V6.19
CPU DLL:         SARMCM3.DLL V5.38.0.0
Dialog DLL:      DCM.DLL V1.17.5.0
Target DLL:      STLink\ST-LINKIII-KEIL_SWO.dll V3.1.0.0
Dialog DLL:      TCM.DLL V1.56.4.0
 
<h2>Project:</h2>
E:\arm\clion\l4-mpu6500\MDK-ARM\l4-mpu6500.uvprojx
Project File Date:  06/17/2023

<h2>Output:</h2>
*** Using Compiler 'V6.19', folder: 'D:\Program\Keil_v5\ARM\ARMCLANG\Bin'
Rebuild target 'l4-mpu6500'
assembling startup_stm32l432xx.s...
compiling spi.c...
compiling gpio.c...
compiling main.c...
compiling usb_device.c...
compiling stm32l4xx_hal_msp.c...
compiling usbd_cdc_if.c...
compiling stm32l4xx_it.c...
compiling stm32l4xx_hal_pcd_ex.c...
compiling usbd_desc.c...
compiling stm32l4xx_hal.c...
compiling usbd_conf.c...
compiling stm32l4xx_hal_i2c_ex.c...
compiling stm32l4xx_hal_flash.c...
compiling stm32l4xx_hal_pcd.c...
compiling stm32l4xx_ll_usb.c...
compiling stm32l4xx_hal_rcc.c...
compiling stm32l4xx_hal_flash_ramfunc.c...
compiling stm32l4xx_hal_rcc_ex.c...
compiling stm32l4xx_hal_dma_ex.c...
compiling stm32l4xx_hal_gpio.c...
compiling stm32l4xx_hal_flash_ex.c...
compiling stm32l4xx_hal_pwr.c...
compiling stm32l4xx_hal_dma.c...
compiling stm32l4xx_hal_pwr_ex.c...
compiling stm32l4xx_hal_cortex.c...
compiling stm32l4xx_hal_exti.c...
compiling stm32l4xx_hal_tim.c...
compiling stm32l4xx_hal_spi_ex.c...
compiling stm32l4xx_hal_i2c.c...
compiling stm32l4xx_hal_tim_ex.c...
compiling system_stm32l4xx.c...
compiling usbd_core.c...
compiling MPU6500.c...
compiling usbd_ioreq.c...
compiling usbd_ctlreq.c...
compiling usbd_cdc.c...
compiling stm32l4xx_hal_spi.c...
linking...
Program Size: Code=29096 RO-data=1044 RW-data=400 ZI-data=7896  
FromELF: creating hex file...
"l4-mpu6500\l4-mpu6500.axf" - 0 Error(s), 0 Warning(s).

<h2>Software Packages used:</h2>

Package Vendor: ARM
                http://www.keil.com/pack/ARM.CMSIS.5.9.0.pack
                ARM.CMSIS.5.9.0
                CMSIS (Common Microcontroller Software Interface Standard)
   * Component: CORE Version: 5.6.0

Package Vendor: Keil
                http://www.keil.com/pack/Keil.STM32L4xx_DFP.2.6.1.pack
                Keil.STM32L4xx_DFP.2.6.1
                STMicroelectronics STM32L4 Series Device Support, Drivers and Examples

<h2>Collection of Component include folders:</h2>
  ./RTE/_l4-mpu6500
  D:/Program/Keil_v5/Packs/ARM/CMSIS/5.9.0/CMSIS/Core/Include
  D:/Program/Keil_v5/Packs/Keil/STM32L4xx_DFP/2.6.1/Drivers/CMSIS/Device/ST/STM32L4xx/Include

<h2>Collection of Component Files used:</h2>

   * Component: ARM::CMSIS:CORE:5.6.0
      Include file:  CMSIS/Core/Include/tz_context.h
Build Time Elapsed:  00:00:02
</pre>
</body>
</html>
